# Bake Begins!
### (1 of 6) Copy sources
$ cp -a /home/travis/build/fontdirectory/elsieswashcaps/METADATA.json /home/travis/build/fontdirectory/elsieswashcaps/builds/build
$ cp -a /home/travis/build/fontdirectory/elsieswashcaps/DESCRIPTION.en_us.html /home/travis/build/fontdirectory/elsieswashcaps/builds/build
$ cp -a ElsieSwashCaps-Regular.ttf.ttx ElsieSwashCaps-Black.ttf.ttx src/ElsieSwashCaps-Regular.otf.ttx src/ElsieSwashCaps-Black.otf.ttx src/ElsieSwashCaps-Regular-backup-fonttools-prep-gasp-TTF.sfd src/ElsieSwashCaps-Regular-TTF.sfd src/ElsieSwashCaps-Black-backup-fonttools-prep-gasp-TTF.sfd src/ElsieSwashCaps-Black-TTF.sfd ElsieSwashCaps-Regular.ttf._p_r_e_p.ttx ElsieSwashCaps-Regular.ttf._p_o_s_t.ttx ElsieSwashCaps-Regular.ttf._n_a_m_e.ttx ElsieSwashCaps-Regular.ttf._m_a_x_p.ttx ElsieSwashCaps-Regular.ttf._l_o_c_a.ttx ElsieSwashCaps-Regular.ttf._h_m_t_x.ttx ElsieSwashCaps-Regular.ttf._h_h_e_a.ttx ElsieSwashCaps-Regular.ttf._h_e_a_d.ttx ElsieSwashCaps-Regular.ttf._g_l_y_f.ttx ElsieSwashCaps-Regular.ttf._g_a_s_p.ttx ElsieSwashCaps-Regular.ttf._c_m_a_p.ttx ElsieSwashCaps-Regular.ttf.O_S_2f_2.ttx ElsieSwashCaps-Regular.ttf.GlyphOrder.ttx ElsieSwashCaps-Regular.ttf.G_S_U_B_.ttx ElsieSwashCaps-Regular.ttf.G_P_O_S_.ttx ElsieSwashCaps-Regular.ttf.G_D_E_F_.ttx ElsieSwashCaps-Regular.ttf.F_F_T_M_.ttx ElsieSwashCaps-Regular.ttf.D_S_I_G_.ttx ElsieSwashCaps-Black.ttf._p_r_e_p.ttx ElsieSwashCaps-Black.ttf._p_o_s_t.ttx ElsieSwashCaps-Black.ttf._n_a_m_e.ttx ElsieSwashCaps-Black.ttf._m_a_x_p.ttx ElsieSwashCaps-Black.ttf._l_o_c_a.ttx ElsieSwashCaps-Black.ttf._h_m_t_x.ttx ElsieSwashCaps-Black.ttf._h_h_e_a.ttx ElsieSwashCaps-Black.ttf._h_e_a_d.ttx ElsieSwashCaps-Black.ttf._g_l_y_f.ttx ElsieSwashCaps-Black.ttf._g_a_s_p.ttx ElsieSwashCaps-Black.ttf._c_m_a_p.ttx ElsieSwashCaps-Black.ttf.O_S_2f_2.ttx ElsieSwashCaps-Black.ttf.GlyphOrder.ttx ElsieSwashCaps-Black.ttf.G_S_U_B_.ttx ElsieSwashCaps-Black.ttf.G_P_O_S_.ttx ElsieSwashCaps-Black.ttf.G_D_E_F_.ttx ElsieSwashCaps-Black.ttf.F_F_T_M_.ttx ElsieSwashCaps-Black.ttf.D_S_I_G_.ttx src/ElsieSwashCaps-Regular.otf._p_o_s_t.ttx src/ElsieSwashCaps-Regular.otf._n_a_m_e.ttx src/ElsieSwashCaps-Regular.otf._m_a_x_p.ttx src/ElsieSwashCaps-Regular.otf._h_m_t_x.ttx src/ElsieSwashCaps-Regular.otf._h_h_e_a.ttx src/ElsieSwashCaps-Regular.otf._h_e_a_d.ttx src/ElsieSwashCaps-Regular.otf._c_m_a_p.ttx src/ElsieSwashCaps-Regular.otf.O_S_2f_2.ttx src/ElsieSwashCaps-Regular.otf.GlyphOrder.ttx src/ElsieSwashCaps-Regular.otf.G_S_U_B_.ttx src/ElsieSwashCaps-Regular.otf.C_F_F_.ttx src/ElsieSwashCaps-Black.otf._p_o_s_t.ttx src/ElsieSwashCaps-Black.otf._n_a_m_e.ttx src/ElsieSwashCaps-Black.otf._m_a_x_p.ttx src/ElsieSwashCaps-Black.otf._h_m_t_x.ttx src/ElsieSwashCaps-Black.otf._h_h_e_a.ttx src/ElsieSwashCaps-Black.otf._h_e_a_d.ttx src/ElsieSwashCaps-Black.otf._c_m_a_p.ttx src/ElsieSwashCaps-Black.otf.O_S_2f_2.ttx src/ElsieSwashCaps-Black.otf.GlyphOrder.ttx src/ElsieSwashCaps-Black.otf.G_S_U_B_.ttx src/ElsieSwashCaps-Black.otf.C_F_F_.ttx /home/travis/build/fontdirectory/elsieswashcaps/builds/build/sources
### (2 of 6) pyfontaine
### (3 of 6) Run upstream tests
$ bakery-lint.py upstream-repo sources
$ fontaine --collections subsets --text /home/travis/build/fontdirectory/elsieswashcaps/builds/build/sources/ElsieSwashCaps-Black.otf.ttx /home/travis/build/fontdirectory/elsieswashcaps/builds/build/sources/ElsieSwashCaps-Regular.otf.ttx /home/travis/build/fontdirectory/elsieswashcaps/builds/build/sources/ElsieSwashCaps-Black.ttf.ttx /home/travis/build/fontdirectory/elsieswashcaps/builds/build/sources/ElsieSwashCaps-Regular.ttf.ttx /home/travis/build/fontdirectory/elsieswashcaps/builds/build/sources/ElsieSwashCaps-Black-TTF.sfd /home/travis/build/fontdirectory/elsieswashcaps/builds/build/sources/ElsieSwashCaps-Black-backup-fonttools-prep-gasp-TTF.sfd /home/travis/build/fontdirectory/elsieswashcaps/builds/build/sources/ElsieSwashCaps-Regular-TTF.sfd /home/travis/build/fontdirectory/elsieswashcaps/builds/build/sources/ElsieSwashCaps-Regular-backup-fonttools-prep-gasp-TTF.sfd > fontaine.txt
WARNING: Please install [PyICU](https://pypi.python.org/pypi/PyICU) toenable [feature], perhaps with: pip install pyicu
pyfontaine error: Not a TrueType or OpenType font (bad sfntVersion)
pyfontaine process has been failed
bakery_lint.tests.upstream.test_prepolation.FontTestPrepolation.test_font_prepolation_glyph_contours(): OK
bakery_lint.tests.upstream.test_prepolation.FontTestPrepolation.test_font_prepolation_glyph_points(): OK
bakery_lint.tests.upstream.test_prepolation.FontTestPrepolation.test_font_test_prepolation_glyph_names(): OK
bakery_lint.tests.upstream.test_diacritic.TestDiacritic.test_diacritic_made_as_component(): OK
bakery_lint.tests.upstream.test_diacritic.TestDiacritic.test_diacritic_made_as_mark_to_mark(): OK
bakery_lint.tests.upstream.test_diacritic.TestDiacritic.test_diacritic_made_as_own_glyphs(): OK
bakery_lint.tests.upstream.test_check_upstream_sources.ProjectUpstreamTestCase.test_bakery_yaml_exists(): OK
bakery_lint.tests.upstream.test_check_upstream_sources.ProjectUpstreamTestCase.test_copyright_notices_same_across_family(): OK
bakery_lint.tests.upstream.test_check_upstream_sources.ProjectUpstreamTestCase.test_description_html_exists(): OK
bakery_lint.tests.upstream.test_check_upstream_sources.ProjectUpstreamTestCase.test_fontlog_txt_exists(): FAIL
bakery_lint.tests.upstream.test_check_upstream_sources.ProjectUpstreamTestCase.test_metadata_json_exists(): OK
$ bakery-lint.py upstream-ttx ElsieSwashCaps-Black.otf.ttx
bakery_lint.tests.upstream.test_glyphname_does_not_contain_disallowed_chars.TestGlyphNameDoesNotContainsDisallowedChars.test_glyphname_does_not_contain_disallowed_chars(): FAIL
bakery_lint.tests.upstream.test_font_filename_eq_familystyle.TestTTFSourceFontFileNameEqualsFamilyStyle.test_source_ttf_font_filename_equals_familystyle(): FAIL
$ mv /home/travis/build/fontdirectory/elsieswashcaps/builds/build/sources/ElsieSwashCaps-Black.otf.ttx /home/travis/build/fontdirectory/elsieswashcaps/builds/build/sources/ElsieSwashCaps-Black.ttx
bakery_lint.tests.upstream.test_font_filename_eq_familystyle.TestTTFSourceFontFileNameEqualsFamilyStyle.test_source_ttf_font_filename_equals_familystyle(): OK
bakery_lint.tests.upstream.test_check_ttx_requirements.SourceTTXTest.test_epar_in_keys(): FAIL
bakery_lint.tests.upstream.test_check_ttx_requirements.SourceTTXTest.test_os2_in_keys(): OK
bakery_lint.tests.upstream.test_check_ttx_requirements.SourceTTXTest.test_ttx_doesnt_contain_duplicate_glyphs(): OK
bakery_lint.tests.upstream.test_check_ttx_fontfamily_recommendations.TTX_FontFamilyNamingTest.test_ttx_family_naming_recommendation(): OK
$ bakery-lint.py upstream-ttx ElsieSwashCaps-Regular.otf.ttx
bakery_lint.tests.upstream.test_glyphname_does_not_contain_disallowed_chars.TestGlyphNameDoesNotContainsDisallowedChars.test_glyphname_does_not_contain_disallowed_chars(): OK
bakery_lint.tests.upstream.test_font_filename_eq_familystyle.TestTTFSourceFontFileNameEqualsFamilyStyle.test_source_ttf_font_filename_equals_familystyle(): FAIL
$ mv /home/travis/build/fontdirectory/elsieswashcaps/builds/build/sources/ElsieSwashCaps-Regular.otf.ttx /home/travis/build/fontdirectory/elsieswashcaps/builds/build/sources/ElsieSwashCaps-Regular.ttx
bakery_lint.tests.upstream.test_font_filename_eq_familystyle.TestTTFSourceFontFileNameEqualsFamilyStyle.test_source_ttf_font_filename_equals_familystyle(): OK
bakery_lint.tests.upstream.test_check_ttx_requirements.SourceTTXTest.test_epar_in_keys(): FAIL
bakery_lint.tests.upstream.test_check_ttx_requirements.SourceTTXTest.test_os2_in_keys(): OK
bakery_lint.tests.upstream.test_check_ttx_requirements.SourceTTXTest.test_ttx_doesnt_contain_duplicate_glyphs(): OK
bakery_lint.tests.upstream.test_check_ttx_fontfamily_recommendations.TTX_FontFamilyNamingTest.test_ttx_family_naming_recommendation(): OK
$ bakery-lint.py upstream-ttx ElsieSwashCaps-Black.ttf.ttx
bakery_lint.tests.upstream.test_glyphname_does_not_contain_disallowed_chars.TestGlyphNameDoesNotContainsDisallowedChars.test_glyphname_does_not_contain_disallowed_chars(): FAIL
bakery_lint.tests.upstream.test_font_filename_eq_familystyle.TestTTFSourceFontFileNameEqualsFamilyStyle.test_source_ttf_font_filename_equals_familystyle(): FAIL
$ mv /home/travis/build/fontdirectory/elsieswashcaps/builds/build/sources/ElsieSwashCaps-Black.ttf.ttx /home/travis/build/fontdirectory/elsieswashcaps/builds/build/sources/ElsieSwashCapsBlack-Regular.ttx
bakery_lint.tests.upstream.test_font_filename_eq_familystyle.TestTTFSourceFontFileNameEqualsFamilyStyle.test_source_ttf_font_filename_equals_familystyle(): OK
bakery_lint.tests.upstream.test_check_ttx_requirements.SourceTTXTest.test_epar_in_keys(): FAIL
bakery_lint.tests.upstream.test_check_ttx_requirements.SourceTTXTest.test_os2_in_keys(): OK
bakery_lint.tests.upstream.test_check_ttx_requirements.SourceTTXTest.test_ttx_doesnt_contain_duplicate_glyphs(): OK
bakery_lint.tests.upstream.test_check_ttx_fontfamily_recommendations.TTX_FontFamilyNamingTest.test_ttx_family_naming_recommendation(): OK
$ bakery-lint.py upstream-ttx ElsieSwashCaps-Regular.ttf.ttx
bakery_lint.tests.upstream.test_glyphname_does_not_contain_disallowed_chars.TestGlyphNameDoesNotContainsDisallowedChars.test_glyphname_does_not_contain_disallowed_chars(): FAIL
bakery_lint.tests.upstream.test_font_filename_eq_familystyle.TestTTFSourceFontFileNameEqualsFamilyStyle.test_source_ttf_font_filename_equals_familystyle(): FAIL
$ mv /home/travis/build/fontdirectory/elsieswashcaps/builds/build/sources/ElsieSwashCaps-Regular.ttf.ttx /home/travis/build/fontdirectory/elsieswashcaps/builds/build/sources/ElsieSwashCaps-Regular.ttx
bakery_lint.tests.upstream.test_font_filename_eq_familystyle.TestTTFSourceFontFileNameEqualsFamilyStyle.test_source_ttf_font_filename_equals_familystyle(): OK
bakery_lint.tests.upstream.test_check_ttx_requirements.SourceTTXTest.test_epar_in_keys(): FAIL
bakery_lint.tests.upstream.test_check_ttx_requirements.SourceTTXTest.test_os2_in_keys(): OK
bakery_lint.tests.upstream.test_check_ttx_requirements.SourceTTXTest.test_ttx_doesnt_contain_duplicate_glyphs(): OK
bakery_lint.tests.upstream.test_check_ttx_fontfamily_recommendations.TTX_FontFamilyNamingTest.test_ttx_family_naming_recommendation(): OK
$ bakery-lint.py upstream ElsieSwashCaps-Black-TTF.sfd
bakery_lint.tests.upstream.test_font_filename_eq_familystyle.TestTTFSourceFontFileNameEqualsFamilyStyle.test_source_ttf_font_filename_equals_familystyle(): ERROR
bakery_lint.tests.upstream.test_check_ufo_requirements.UfoOpenTest.test_has_rupee(): ERROR
bakery_lint.tests.upstream.test_check_ufo_requirements.UfoOpenTest.test_is_A(): ERROR
bakery_lint.tests.upstream.test_check_ufo_requirements.UfoOpenTest.test_is_A_a_glyph_instance(): ERROR
bakery_lint.tests.upstream.test_check_ufo_requirements.UfoOpenTest.test_is_ended_ufo(): ERROR
bakery_lint.tests.upstream.test_check_ufo_requirements.UfoOpenTest.test_is_folder(): ERROR
bakery_lint.tests.upstream.test_check_ufo_requirements.UfoOpenTest.test_is_fsType_eq_1(): ERROR
bakery_lint.tests.upstream.test_check_ufo_requirements.UfoOpenTest.test_it_exists(): ERROR
bakery_lint.tests.upstream.test_check_ufo_fontfamily_recommendations.TestUFOFontFamilyNamingTest.test_familyname_less_than_32_chars(): OK
bakery_lint.tests.upstream.test_check_ufo_fontfamily_recommendations.TestUFOFontFamilyNamingTest.test_fullfontname_less_than_64_chars(): OK
bakery_lint.tests.upstream.test_check_ufo_fontfamily_recommendations.TestUFOFontFamilyNamingTest.test_postscriptname_consistof_allowed_chars(): OK
bakery_lint.tests.upstream.test_check_ufo_fontfamily_recommendations.TestUFOFontFamilyNamingTest.test_postscriptname_less_than_30_chars(): OK
bakery_lint.tests.upstream.test_check_ufo_fontfamily_recommendations.TestUFOFontFamilyNamingTest.test_stylename_less_than_32_chars(): OK
bakery_lint.tests.upstream.test_check_ufo_fontfamily_recommendations.TestUFOFontFamilyNamingTest.test_weight_value_range_between_250_and_900(): OK
$ bakery-lint.py upstream ElsieSwashCaps-Black-backup-fonttools-prep-gasp-TTF.sfd
bakery_lint.tests.upstream.test_font_filename_eq_familystyle.TestTTFSourceFontFileNameEqualsFamilyStyle.test_source_ttf_font_filename_equals_familystyle(): ERROR
bakery_lint.tests.upstream.test_check_ufo_requirements.UfoOpenTest.test_has_rupee(): ERROR
bakery_lint.tests.upstream.test_check_ufo_requirements.UfoOpenTest.test_is_A(): ERROR
bakery_lint.tests.upstream.test_check_ufo_requirements.UfoOpenTest.test_is_A_a_glyph_instance(): ERROR
bakery_lint.tests.upstream.test_check_ufo_requirements.UfoOpenTest.test_is_ended_ufo(): ERROR
bakery_lint.tests.upstream.test_check_ufo_requirements.UfoOpenTest.test_is_folder(): ERROR
bakery_lint.tests.upstream.test_check_ufo_requirements.UfoOpenTest.test_is_fsType_eq_1(): ERROR
bakery_lint.tests.upstream.test_check_ufo_requirements.UfoOpenTest.test_it_exists(): ERROR
bakery_lint.tests.upstream.test_check_ufo_fontfamily_recommendations.TestUFOFontFamilyNamingTest.test_familyname_less_than_32_chars(): OK
bakery_lint.tests.upstream.test_check_ufo_fontfamily_recommendations.TestUFOFontFamilyNamingTest.test_fullfontname_less_than_64_chars(): OK
bakery_lint.tests.upstream.test_check_ufo_fontfamily_recommendations.TestUFOFontFamilyNamingTest.test_postscriptname_consistof_allowed_chars(): OK
bakery_lint.tests.upstream.test_check_ufo_fontfamily_recommendations.TestUFOFontFamilyNamingTest.test_postscriptname_less_than_30_chars(): OK
bakery_lint.tests.upstream.test_check_ufo_fontfamily_recommendations.TestUFOFontFamilyNamingTest.test_stylename_less_than_32_chars(): OK
bakery_lint.tests.upstream.test_check_ufo_fontfamily_recommendations.TestUFOFontFamilyNamingTest.test_weight_value_range_between_250_and_900(): OK
$ bakery-lint.py upstream ElsieSwashCaps-Regular-TTF.sfd
bakery_lint.tests.upstream.test_font_filename_eq_familystyle.TestTTFSourceFontFileNameEqualsFamilyStyle.test_source_ttf_font_filename_equals_familystyle(): ERROR
bakery_lint.tests.upstream.test_check_ufo_requirements.UfoOpenTest.test_has_rupee(): ERROR
bakery_lint.tests.upstream.test_check_ufo_requirements.UfoOpenTest.test_is_A(): ERROR
bakery_lint.tests.upstream.test_check_ufo_requirements.UfoOpenTest.test_is_A_a_glyph_instance(): ERROR
bakery_lint.tests.upstream.test_check_ufo_requirements.UfoOpenTest.test_is_ended_ufo(): ERROR
bakery_lint.tests.upstream.test_check_ufo_requirements.UfoOpenTest.test_is_folder(): ERROR
bakery_lint.tests.upstream.test_check_ufo_requirements.UfoOpenTest.test_is_fsType_eq_1(): ERROR
bakery_lint.tests.upstream.test_check_ufo_requirements.UfoOpenTest.test_it_exists(): ERROR
bakery_lint.tests.upstream.test_check_ufo_fontfamily_recommendations.TestUFOFontFamilyNamingTest.test_familyname_less_than_32_chars(): OK
bakery_lint.tests.upstream.test_check_ufo_fontfamily_recommendations.TestUFOFontFamilyNamingTest.test_fullfontname_less_than_64_chars(): OK
bakery_lint.tests.upstream.test_check_ufo_fontfamily_recommendations.TestUFOFontFamilyNamingTest.test_postscriptname_consistof_allowed_chars(): OK
bakery_lint.tests.upstream.test_check_ufo_fontfamily_recommendations.TestUFOFontFamilyNamingTest.test_postscriptname_less_than_30_chars(): OK
bakery_lint.tests.upstream.test_check_ufo_fontfamily_recommendations.TestUFOFontFamilyNamingTest.test_stylename_less_than_32_chars(): OK
bakery_lint.tests.upstream.test_check_ufo_fontfamily_recommendations.TestUFOFontFamilyNamingTest.test_weight_value_range_between_250_and_900(): OK
$ bakery-lint.py upstream ElsieSwashCaps-Regular-backup-fonttools-prep-gasp-TTF.sfd
bakery_lint.tests.upstream.test_font_filename_eq_familystyle.TestTTFSourceFontFileNameEqualsFamilyStyle.test_source_ttf_font_filename_equals_familystyle(): ERROR
bakery_lint.tests.upstream.test_check_ufo_requirements.UfoOpenTest.test_has_rupee(): ERROR
bakery_lint.tests.upstream.test_check_ufo_requirements.UfoOpenTest.test_is_A(): ERROR
bakery_lint.tests.upstream.test_check_ufo_requirements.UfoOpenTest.test_is_A_a_glyph_instance(): ERROR
bakery_lint.tests.upstream.test_check_ufo_requirements.UfoOpenTest.test_is_ended_ufo(): ERROR
bakery_lint.tests.upstream.test_check_ufo_requirements.UfoOpenTest.test_is_folder(): ERROR
bakery_lint.tests.upstream.test_check_ufo_requirements.UfoOpenTest.test_is_fsType_eq_1(): ERROR
bakery_lint.tests.upstream.test_check_ufo_requirements.UfoOpenTest.test_it_exists(): ERROR
bakery_lint.tests.upstream.test_check_ufo_fontfamily_recommendations.TestUFOFontFamilyNamingTest.test_familyname_less_than_32_chars(): OK
bakery_lint.tests.upstream.test_check_ufo_fontfamily_recommendations.TestUFOFontFamilyNamingTest.test_fullfontname_less_than_64_chars(): OK
bakery_lint.tests.upstream.test_check_ufo_fontfamily_recommendations.TestUFOFontFamilyNamingTest.test_postscriptname_consistof_allowed_chars(): OK
bakery_lint.tests.upstream.test_check_ufo_fontfamily_recommendations.TestUFOFontFamilyNamingTest.test_postscriptname_less_than_30_chars(): OK
bakery_lint.tests.upstream.test_check_ufo_fontfamily_recommendations.TestUFOFontFamilyNamingTest.test_stylename_less_than_32_chars(): OK
bakery_lint.tests.upstream.test_check_ufo_fontfamily_recommendations.TestUFOFontFamilyNamingTest.test_weight_value_range_between_250_and_900(): OK
### (4 of 6) Convert sources to TTF
$ ttx -d /home/travis/build/fontdirectory/elsieswashcaps/builds/build /home/travis/build/fontdirectory/elsieswashcaps/builds/build/sources/ElsieSwashCaps-Regular.ttx /home/travis/build/fontdirectory/elsieswashcaps/builds/build/sources/ElsieSwashCapsBlack-Regular.ttx /home/travis/build/fontdirectory/elsieswashcaps/builds/build/sources/ElsieSwashCaps-Black.ttx
strippedname:/home/travis/build/fontdirectory/elsieswashcaps/builds/build/sources/ElsieSwashCaps-Black-TTF.sfd
strippedname:/home/travis/build/fontdirectory/elsieswashcaps/builds/build/sources/ElsieSwashCaps-Black-backup-fonttools-prep-gasp-TTF.sfd
strippedname:/home/travis/build/fontdirectory/elsieswashcaps/builds/build/sources/ElsieSwashCaps-Regular-TTF.sfd
strippedname:/home/travis/build/fontdirectory/elsieswashcaps/builds/build/sources/ElsieSwashCaps-Regular-backup-fonttools-prep-gasp-TTF.sfd
Compiling "/home/travis/build/fontdirectory/elsieswashcaps/builds/build/sources/ElsieSwashCaps-Regular.ttx" to "/home/travis/build/fontdirectory/elsieswashcaps/builds/build/ElsieSwashCaps-Regular.ttf"...
Parsing 'GlyphOrder' table...
Parsing 'head' table...
Parsing 'hhea' table...
Parsing 'maxp' table...
Parsing 'OS/2' table...
Parsing 'hmtx' table...
Parsing 'cmap' table...
Parsing 'prep' table...
Parsing 'loca' table...
Parsing 'glyf' table...
Parsing 'name' table...
Parsing 'post' table...
Parsing 'gasp' table...
Parsing 'FFTM' table...
Parsing 'GDEF' table...
Parsing 'GPOS' table...
Parsing 'GSUB' table...
Parsing 'DSIG' table...
Compiling "/home/travis/build/fontdirectory/elsieswashcaps/builds/build/sources/ElsieSwashCapsBlack-Regular.ttx" to "/home/travis/build/fontdirectory/elsieswashcaps/builds/build/ElsieSwashCapsBlack-Regular.ttf"...
Parsing 'GlyphOrder' table...
Parsing 'head' table...
Parsing 'hhea' table...
Parsing 'maxp' table...
Parsing 'OS/2' table...
Parsing 'hmtx' table...
Parsing 'cmap' table...
Parsing 'prep' table...
Parsing 'loca' table...
Parsing 'glyf' table...
Parsing 'name' table...
Parsing 'post' table...
Parsing 'gasp' table...
Parsing 'FFTM' table...
Parsing 'GDEF' table...
Parsing 'GPOS' table...
Parsing 'GSUB' table...
Parsing 'DSIG' table...
Compiling "/home/travis/build/fontdirectory/elsieswashcaps/builds/build/sources/ElsieSwashCaps-Black.ttx" to "/home/travis/build/fontdirectory/elsieswashcaps/builds/build/ElsieSwashCaps-Black.otf"...
Parsing 'GlyphOrder' table...
Parsing 'head' table...
Parsing 'hhea' table...
Parsing 'maxp' table...
Parsing 'OS/2' table...
Parsing 'name' table...
Parsing 'cmap' table...
Parsing 'post' table...
Parsing 'CFF ' table...
Parsing 'GSUB' table...
Parsing 'hmtx' table...
### Test ElsieSwashCaps-Regular.ttf
$ bakery-lint.py result ElsieSwashCaps-Regular.ttf
$ font2ttf.py sources/ElsieSwashCaps-Black.otf ElsieSwashCaps-Black.ttf
Warning: Mac string is a subset of the Windows string in the 'name' table
 for the Family string in the English (US) language.
Warning: Mac and Windows entries in the 'name' table differ for the
 SubFamily string in the language English (US)
 Mac String: Black
Windows String: Regular
Warning: Mac string is a subset of the Windows string in the 'name' table
 for the Fullname string in the English (US) language.
### Test ElsieSwashCapsBlack-Regular.ttf
$ bakery-lint.py result ElsieSwashCapsBlack-Regular.ttf
bakery_lint.tests.downstream.test_names_are_ascii_only.CheckNamesAreASCIIOnly.test_check_names_are_ascii_only(): OK
bakery_lint.tests.downstream.test_gpos_table_has_kerning_info.CheckGposTableHasKerningInfo.test_gpos_table_has_kerning_info(): FAIL
bakery_lint.tests.downstream.test_gasp_table_value.CheckGaspTableType.test_check_gasp_table_type(): OK
$ bakery-gasp.py --set=15 /home/travis/build/fontdirectory/elsieswashcaps/builds/build/ElsieSwashCaps-Regular.ttf
bakery_lint.tests.downstream.test_names_are_ascii_only.CheckNamesAreASCIIOnly.test_check_names_are_ascii_only(): OK
bakery_lint.tests.downstream.test_gpos_table_has_kerning_info.CheckGposTableHasKerningInfo.test_gpos_table_has_kerning_info(): FAIL
bakery_lint.tests.downstream.test_gasp_table_value.CheckGaspTableType.test_check_gasp_table_type(): OK
$ bakery-gasp.py --set=15 /home/travis/build/fontdirectory/elsieswashcaps/builds/build/ElsieSwashCapsBlack-Regular.ttf
$ mv /home/travis/build/fontdirectory/elsieswashcaps/builds/build/ElsieSwashCaps-Regular.ttf.fix /home/travis/build/fontdirectory/elsieswashcaps/builds/build/ElsieSwashCaps-Regular.ttf
The following table(s) in the font have been ignored by FontForge
  Ignoring 'DSIG' digital signature table
$ mv /home/travis/build/fontdirectory/elsieswashcaps/builds/build/ElsieSwashCapsBlack-Regular.ttf.fix /home/travis/build/fontdirectory/elsieswashcaps/builds/build/ElsieSwashCapsBlack-Regular.ttf
The following table(s) in the font have been ignored by FontForge
  Ignoring 'DSIG' digital signature table
bakery_lint.tests.downstream.test_fontforge_validation_state.FontForgeValidateStateTest.test_allowed_numbers_paths_in_composite_glyphs(): OK
bakery_lint.tests.downstream.test_fontforge_validation_state.FontForgeValidateStateTest.test_allowed_numbers_paths_in_glyphs(): OK
bakery_lint.tests.downstream.test_fontforge_validation_state.FontForgeValidateStateTest.test_allowed_numbers_paths_in_composite_glyphs(): OK
bakery_lint.tests.downstream.test_fontforge_validation_state.FontForgeValidateStateTest.test_allowed_numbers_points_in_composite_glyphs(): OK
bakery_lint.tests.downstream.test_fontforge_validation_state.FontForgeValidateStateTest.test_allowed_numbers_paths_in_glyphs(): OK
bakery_lint.tests.downstream.test_fontforge_validation_state.FontForgeValidateStateTest.test_allowed_numbers_points_in_glyphs(): OK
bakery_lint.tests.downstream.test_fontforge_validation_state.FontForgeValidateStateTest.test_allowed_numbers_points_in_composite_glyphs(): OK
bakery_lint.tests.downstream.test_fontforge_validation_state.FontForgeValidateStateTest.test_duplicate_glyphs(): OK
bakery_lint.tests.downstream.test_fontforge_validation_state.FontForgeValidateStateTest.test_allowed_numbers_points_in_glyphs(): OK
bakery_lint.tests.downstream.test_fontforge_validation_state.FontForgeValidateStateTest.test_duplicate_unicode_codepoints(): OK
bakery_lint.tests.downstream.test_fontforge_validation_state.FontForgeValidateStateTest.test_flipped_reference_in_glyphs(): OK
bakery_lint.tests.downstream.test_fontforge_validation_state.FontForgeValidateStateTest.test_duplicate_glyphs(): OK
bakery_lint.tests.downstream.test_fontforge_validation_state.FontForgeValidateStateTest.test_missing_anchors(): OK
bakery_lint.tests.downstream.test_fontforge_validation_state.FontForgeValidateStateTest.test_duplicate_unicode_codepoints(): OK
bakery_lint.tests.downstream.test_fontforge_validation_state.FontForgeValidateStateTest.test_missing_extrema_in_glyphs(): OK
bakery_lint.tests.downstream.test_fontforge_validation_state.FontForgeValidateStateTest.test_flipped_reference_in_glyphs(): OK
bakery_lint.tests.downstream.test_fontforge_validation_state.FontForgeValidateStateTest.test_overlapped_hints(): OK
bakery_lint.tests.downstream.test_fontforge_validation_state.FontForgeValidateStateTest.test_missing_anchors(): OK
bakery_lint.tests.downstream.test_fontforge_validation_state.FontForgeValidateStateTest.test_points_are_integer_aligned(): OK
bakery_lint.tests.downstream.test_fontforge_validation_state.FontForgeValidateStateTest.test_points_are_not_too_far_apart(): OK
bakery_lint.tests.downstream.test_fontforge_validation_state.FontForgeValidateStateTest.test_postscript_hasnt_limit_hints_in_glyphs(): OK
bakery_lint.tests.downstream.test_fontforge_validation_state.FontForgeValidateStateTest.test_postscript_hasnt_limit_points_in_glyphs(): OK
bakery_lint.tests.downstream.test_fontforge_validation_state.FontForgeValidateStateTest.test_missing_extrema_in_glyphs(): FAIL
bakery_lint.tests.downstream.test_fontforge_validation_state.FontForgeValidateStateTest.test_referenced_glyphs_are_present(): OK
bakery_lint.tests.downstream.test_fontforge_validation_state.FontForgeValidateStateTest.test_overlapped_hints(): OK
bakery_lint.tests.downstream.test_fontforge_validation_state.FontForgeValidateStateTest.test_valid_glyph_names(): OK
bakery_lint.tests.downstream.test_fontforge_validation_state.FontForgeValidateStateTest.test_points_are_integer_aligned(): OK
bakery_lint.tests.downstream.test_fontforge_validation_state.FontForgeValidateStateTest.test_valid_length_instructions(): OK
bakery_lint.tests.downstream.test_fontforge_validation_state.FontForgeValidateStateTest.test_points_are_not_too_far_apart(): OK
bakery_lint.tests.downstream.test_fontforge_validation_state.FontForgeValidateStateTest.test_postscript_hasnt_limit_hints_in_glyphs(): OK
bakery_lint.tests.downstream.test_fontforge_validation_state.FontForgeValidateStateTest.test_validation_glyph_intersect(): FAIL
bakery_lint.tests.downstream.test_fontforge_validation_state.FontForgeValidateStateTest.test_postscript_hasnt_limit_points_in_glyphs(): OK
bakery_lint.tests.downstream.test_fontforge_validation_state.FontForgeValidateStateTest.test_validation_open_contours(): OK
bakery_lint.tests.downstream.test_fontforge_validation_state.FontForgeValidateStateTest.test_wrong_direction_in_glyphs(): OK
bakery_lint.tests.downstream.test_fontforge_validation_state.FontForgeValidateStateTest.test_referenced_glyphs_are_present(): OK
bakery_lint.tests.downstream.test_fontforge_validation_state.FontForgeValidateStateTest.test_valid_glyph_names(): OK
bakery_lint.tests.downstream.test_fontforge_validation_state.FontForgeValidateStateTest.test_valid_length_instructions(): OK
bakery_lint.tests.downstream.test_fontforge_validation_state.FontForgeValidateStateTest.test_validation_glyph_intersect(): FAIL
bakery_lint.tests.downstream.test_fontforge_validation_state.FontForgeValidateStateTest.test_validation_open_contours(): OK
bakery_lint.tests.downstream.test_fontforge_validation_state.FontForgeValidateStateTest.test_wrong_direction_in_glyphs(): OK
bakery_lint.tests.downstream.test_check_vertical_metrics.CheckVerticalLinegapMetrics.test_metrics_linegaps_are_zero(): OK
bakery_lint.tests.downstream.test_check_vertical_metrics.CheckVerticalLinegapMetrics.test_metrics_linegaps_are_zero(): OK
Success: Generated OpenType-TTF (/home/travis/build/fontdirectory/elsieswashcaps/builds/build/ElsieSwashCaps-Black.ttf)
strippedname:/home/travis/build/fontdirectory/elsieswashcaps/builds/build/ElsieSwashCaps-Black.otf
$ font2ttf.py sources/ElsieSwashCaps-Black-TTF.sfd ElsieSwashCaps-Black-TTF.ttf
### Test ElsieSwashCaps-Black.ttf
$ bakery-lint.py result ElsieSwashCaps-Black.ttf
bakery_lint.tests.downstream.test_check_vertical_metrics.CheckVerticalAscentMetrics.test_metrics_ascents_equal_bbox(): ERROR
bakery_lint.tests.downstream.test_names_are_ascii_only.CheckNamesAreASCIIOnly.test_check_names_are_ascii_only(): OK
bakery_lint.tests.downstream.test_gpos_table_has_kerning_info.CheckGposTableHasKerningInfo.test_gpos_table_has_kerning_info(): FAIL
bakery_lint.tests.downstream.test_gasp_table_value.CheckGaspTableType.test_check_gasp_table_type(): FAIL
$ bakery-gasp.py --set=15 /home/travis/build/fontdirectory/elsieswashcaps/builds/build/ElsieSwashCaps-Black.ttf
$ mv /home/travis/build/fontdirectory/elsieswashcaps/builds/build/ElsieSwashCaps-Black.ttf.fix /home/travis/build/fontdirectory/elsieswashcaps/builds/build/ElsieSwashCaps-Black.ttf
bakery_lint.tests.downstream.test_gasp_table_value.CheckGaspTableType.test_check_gasp_table_type(): OK
$ bakery-gasp.py --set=15 /home/travis/build/fontdirectory/elsieswashcaps/builds/build/ElsieSwashCaps-Black.ttf
$ mv /home/travis/build/fontdirectory/elsieswashcaps/builds/build/ElsieSwashCaps-Black.ttf.fix /home/travis/build/fontdirectory/elsieswashcaps/builds/build/ElsieSwashCaps-Black.ttf
The following table(s) in the font have been ignored by FontForge
  Ignoring 'DSIG' digital signature table
bakery_lint.tests.downstream.test_check_vertical_metrics.CheckVerticalAscentMetrics.test_metrics_ascents_equal_bbox(): ERROR
bakery_lint.tests.downstream.test_fontforge_validation_state.FontForgeValidateStateTest.test_allowed_numbers_paths_in_composite_glyphs(): OK
bakery_lint.tests.downstream.test_fontforge_validation_state.FontForgeValidateStateTest.test_allowed_numbers_paths_in_glyphs(): OK
bakery_lint.tests.downstream.test_fontforge_validation_state.FontForgeValidateStateTest.test_allowed_numbers_points_in_composite_glyphs(): OK
bakery_lint.tests.downstream.test_fontforge_validation_state.FontForgeValidateStateTest.test_allowed_numbers_points_in_glyphs(): OK
bakery_lint.tests.downstream.test_fontforge_validation_state.FontForgeValidateStateTest.test_duplicate_glyphs(): OK
bakery_lint.tests.downstream.test_fontforge_validation_state.FontForgeValidateStateTest.test_duplicate_unicode_codepoints(): OK
bakery_lint.tests.downstream.test_fontforge_validation_state.FontForgeValidateStateTest.test_flipped_reference_in_glyphs(): OK
bakery_lint.tests.downstream.test_fontforge_validation_state.FontForgeValidateStateTest.test_missing_anchors(): OK
bakery_lint.tests.downstream.test_fontforge_validation_state.FontForgeValidateStateTest.test_missing_extrema_in_glyphs(): FAIL
bakery_lint.tests.downstream.test_fontforge_validation_state.FontForgeValidateStateTest.test_overlapped_hints(): OK
bakery_lint.tests.downstream.test_fontforge_validation_state.FontForgeValidateStateTest.test_points_are_integer_aligned(): OK
bakery_lint.tests.downstream.test_fontforge_validation_state.FontForgeValidateStateTest.test_points_are_not_too_far_apart(): OK
bakery_lint.tests.downstream.test_fontforge_validation_state.FontForgeValidateStateTest.test_postscript_hasnt_limit_hints_in_glyphs(): OK
bakery_lint.tests.downstream.test_fontforge_validation_state.FontForgeValidateStateTest.test_postscript_hasnt_limit_points_in_glyphs(): OK
bakery_lint.tests.downstream.test_fontforge_validation_state.FontForgeValidateStateTest.test_referenced_glyphs_are_present(): OK
bakery_lint.tests.downstream.test_fontforge_validation_state.FontForgeValidateStateTest.test_valid_glyph_names(): OK
bakery_lint.tests.downstream.test_fontforge_validation_state.FontForgeValidateStateTest.test_valid_length_instructions(): OK
bakery_lint.tests.downstream.test_fontforge_validation_state.FontForgeValidateStateTest.test_validation_glyph_intersect(): OK
bakery_lint.tests.downstream.test_fontforge_validation_state.FontForgeValidateStateTest.test_validation_open_contours(): OK
bakery_lint.tests.downstream.test_fontforge_validation_state.FontForgeValidateStateTest.test_wrong_direction_in_glyphs(): OK
bakery_lint.tests.downstream.test_check_vertical_metrics.CheckVerticalLinegapMetrics.test_metrics_linegaps_are_zero(): OK
bakery_lint.tests.downstream.test_check_vertical_metrics.CheckVerticalDescentMetrics.test_metrics_descents_equal_bbox(): OK
bakery_lint.tests.downstream.test_check_upm_heights_less_120.TestCheckUPMHeightsLess120.test_check_upm_heigths_less_120(): OK
bakery_lint.tests.downstream.test_check_unused_glyph_data.CheckUnusedGlyphData.test_check_unused_glyph_data(): ERROR
bakery_lint.tests.downstream.test_check_unencoded_glyph.TestFontUnencodedGlyph.test_font_unencoded_glyphs(): FAIL
$ bakery-encode-glyphs-fix.py --autofix /home/travis/build/fontdirectory/elsieswashcaps/builds/build/ElsieSwashCapsBlack-Regular.ttf
$ mv /home/travis/build/fontdirectory/elsieswashcaps/builds/build/ElsieSwashCapsBlack-Regular.ttf.fix /home/travis/build/fontdirectory/elsieswashcaps/builds/build/ElsieSwashCapsBlack-Regular.ttf
bakery_lint.tests.downstream.test_check_unencoded_glyph.TestFontUnencodedGlyph.test_font_unencoded_glyphs(): FAIL
bakery_lint.tests.downstream.test_check_panose_identification.CheckPanoseIdentification.test_check_panose_identification(): OK
bakery_lint.tests.downstream.test_check_os2_width_class.CheckOS2WidthClass.test_check_os2_width_class(): OK
bakery_lint.tests.downstream.test_check_no_problematic_formats.CheckNoProblematicFormats.test_check_no_problematic_formats(): OK
bakery_lint.tests.downstream.test_check_nbsp_width_matches_sp_width.CheckNbspWidthMatchesSpWidth.test_check_nbsp_width_matches_sp_width(): FAIL
$ bakery-nbsp-fix.py /home/travis/build/fontdirectory/elsieswashcaps/builds/build/ElsieSwashCapsBlack-Regular.ttf
$ mv /home/travis/build/fontdirectory/elsieswashcaps/builds/build/ElsieSwashCapsBlack-Regular.ttf.fix /home/travis/build/fontdirectory/elsieswashcaps/builds/build/ElsieSwashCapsBlack-Regular.ttf
bakery_lint.tests.downstream.test_check_nbsp_width_matches_sp_width.CheckNbspWidthMatchesSpWidth.test_check_nbsp_width_matches_sp_width(): FAIL
bakery_lint.tests.downstream.test_check_names_same_across_platforms.CheckNamesSameAcrossPlatforms.test_check_names_same_across_platforms(): OK
bakery_lint.tests.downstream.test_check_name_table_recommendation.CheckStyleNameRecommendation.test_check_stylename_is_under_recommendations(): OK
Success: Generated OpenType-TTF (/home/travis/build/fontdirectory/elsieswashcaps/builds/build/ElsieSwashCaps-Black-TTF.ttf)
bakery_lint.tests.downstream.test_check_name_table_recommendation.CheckOTFamilyNameRecommendation.test_check_opentype_familyname(): FAIL
$ bakery-opentype-fix.py /home/travis/build/fontdirectory/elsieswashcaps/builds/build/ElsieSwashCapsBlack-Regular.ttf
$ font2ttf.py sources/ElsieSwashCaps-Black-backup-fonttools-prep-gasp-TTF.sfd ElsieSwashCaps-Black-backup-fonttools-prep-gasp-TTF.ttf
### Test ElsieSwashCaps-Black-TTF.ttf
$ bakery-lint.py result ElsieSwashCaps-Black-TTF.ttf
$ mv /home/travis/build/fontdirectory/elsieswashcaps/builds/build/ElsieSwashCapsBlack-Regular.ttf.fix /home/travis/build/fontdirectory/elsieswashcaps/builds/build/ElsieSwashCapsBlack-Regular.ttf
bakery_lint.tests.downstream.test_check_name_table_recommendation.CheckOTFamilyNameRecommendation.test_check_opentype_familyname(): OK
bakery_lint.tests.downstream.test_check_name_table_recommendation.CheckOTStyleNameRecommendation.test_check_opentype_stylename(): OK
bakery_lint.tests.downstream.test_check_name_table_recommendation.CheckOTFullNameRecommendation.test_check_opentype_fullname(): OK
bakery_lint.tests.downstream.test_check_magic_prep_code.CheckMagicPREPByteCode.test_prep_magic_code(): OK
bakery_lint.tests.downstream.test_check_license_included.CheckLicenseIncluded.test_license_included_in_font_names(): OK
bakery_lint.tests.downstream.test_check_italic_angle_agreement.CheckItalicAngleAgreement.test_check_italic_angle_agreement(): OK
bakery_lint.tests.downstream.test_check_hmtx_hhea_max_advance_width_agreement.CheckHmtxHheaMaxAdvanceWidthAgreement.test_check_hmtx_hhea_max_advance_width_agreement(): OK
bakery_lint.tests.downstream.test_names_are_ascii_only.CheckNamesAreASCIIOnly.test_check_names_are_ascii_only(): OK
bakery_lint.tests.downstream.test_check_glyph_existence.CheckGlyphExistence.test_euro(): OK
bakery_lint.tests.downstream.test_gpos_table_has_kerning_info.CheckGposTableHasKerningInfo.test_gpos_table_has_kerning_info(): FAIL
bakery_lint.tests.downstream.test_gasp_table_value.CheckGaspTableType.test_check_gasp_table_type(): OK
$ bakery-gasp.py --set=15 /home/travis/build/fontdirectory/elsieswashcaps/builds/build/ElsieSwashCaps-Black-TTF.ttf
bakery_lint.tests.downstream.test_check_glyph_existence.CheckGlyphExistence.test_nbsp(): OK
bakery_lint.tests.downstream.test_check_glyph_existence.CheckGlyphExistence.test_space(): OK
bakery_lint.tests.downstream.test_check_glyf_table_length.CheckGlyfTableLength.test_check_glyf_table_length(): FAIL
bakery_lint.tests.downstream.test_check_full_font_name_begins_with_family_name.CheckFullFontNameBeginsWithFamilyName.test_check_full_font_name_begins_with_family_name(): OK
bakery_lint.tests.downstream.test_check_fontname_matches_macstyle.CheckFontNameEqualToMacStyleFlags.test_fontname_is_equal_to_macstyle(): FAIL
bakery_lint.tests.downstream.test_check_font_tables.CheckFontHasDsigTable.test_check_font_has_dsig_table(): OK
bakery_lint.tests.downstream.test_check_font_tables.CheckFontHasNotKernTable.test_no_kern_table_exists(): OK
bakery_lint.tests.downstream.test_check_font_agreements.CheckFsTypeIsNotSet.test_is_fstype_not_set(): OK
$ bakery-fstype-fix.py --autofix /home/travis/build/fontdirectory/elsieswashcaps/builds/build/ElsieSwashCapsBlack-Regular.ttf
$ mv /home/travis/build/fontdirectory/elsieswashcaps/builds/build/ElsieSwashCaps-Black-TTF.ttf.fix /home/travis/build/fontdirectory/elsieswashcaps/builds/build/ElsieSwashCaps-Black-TTF.ttf
The following table(s) in the font have been ignored by FontForge
  Ignoring 'DSIG' digital signature table
$ mv /home/travis/build/fontdirectory/elsieswashcaps/builds/build/ElsieSwashCapsBlack-Regular.ttf.fix /home/travis/build/fontdirectory/elsieswashcaps/builds/build/ElsieSwashCapsBlack-Regular.ttf
bakery_lint.tests.downstream.test_check_font_agreements.CheckFontAgreements.test_em_is_1000(): OK
bakery_lint.tests.downstream.test_check_font_agreements.CheckFontAgreements.test_file_is_font(): OK
bakery_lint.tests.downstream.test_check_font_agreements.CheckFontAgreements.test_font_is_font(): OK
bakery_lint.tests.downstream.test_check_font_agreements.CheckFontAgreements.test_latin_file_exists(): FAIL
bakery_lint.tests.downstream.test_check_vertical_metrics.CheckVerticalDescentMetrics.test_metrics_descents_equal_bbox(): OK
bakery_lint.tests.downstream.test_check_upm_heights_less_120.TestCheckUPMHeightsLess120.test_check_upm_heigths_less_120(): OK
bakery_lint.tests.downstream.test_check_unused_glyph_data.CheckUnusedGlyphData.test_check_unused_glyph_data(): ERROR
bakery_lint.tests.downstream.test_check_unencoded_glyph.TestFontUnencodedGlyph.test_font_unencoded_glyphs(): FAIL
$ bakery-encode-glyphs-fix.py --autofix /home/travis/build/fontdirectory/elsieswashcaps/builds/build/ElsieSwashCaps-Regular.ttf
$ mv /home/travis/build/fontdirectory/elsieswashcaps/builds/build/ElsieSwashCaps-Regular.ttf.fix /home/travis/build/fontdirectory/elsieswashcaps/builds/build/ElsieSwashCaps-Regular.ttf
bakery_lint.tests.downstream.test_check_unencoded_glyph.TestFontUnencodedGlyph.test_font_unencoded_glyphs(): FAIL
bakery_lint.tests.downstream.test_check_panose_identification.CheckPanoseIdentification.test_check_panose_identification(): OK
bakery_lint.tests.downstream.test_check_os2_width_class.CheckOS2WidthClass.test_check_os2_width_class(): OK
bakery_lint.tests.downstream.test_check_no_problematic_formats.CheckNoProblematicFormats.test_check_no_problematic_formats(): OK
bakery_lint.tests.downstream.test_check_nbsp_width_matches_sp_width.CheckNbspWidthMatchesSpWidth.test_check_nbsp_width_matches_sp_width(): FAIL
$ bakery-nbsp-fix.py /home/travis/build/fontdirectory/elsieswashcaps/builds/build/ElsieSwashCaps-Regular.ttf
$ mv /home/travis/build/fontdirectory/elsieswashcaps/builds/build/ElsieSwashCaps-Regular.ttf.fix /home/travis/build/fontdirectory/elsieswashcaps/builds/build/ElsieSwashCaps-Regular.ttf
bakery_lint.tests.downstream.test_check_nbsp_width_matches_sp_width.CheckNbspWidthMatchesSpWidth.test_check_nbsp_width_matches_sp_width(): FAIL
bakery_lint.tests.downstream.test_check_names_same_across_platforms.CheckNamesSameAcrossPlatforms.test_check_names_same_across_platforms(): OK
bakery_lint.tests.downstream.test_check_name_table_recommendation.CheckStyleNameRecommendation.test_check_stylename_is_under_recommendations(): OK
bakery_lint.tests.downstream.test_check_name_table_recommendation.CheckOTFamilyNameRecommendation.test_check_opentype_familyname(): FAIL
$ bakery-opentype-fix.py /home/travis/build/fontdirectory/elsieswashcaps/builds/build/ElsieSwashCaps-Regular.ttf
$ mv /home/travis/build/fontdirectory/elsieswashcaps/builds/build/ElsieSwashCaps-Regular.ttf.fix /home/travis/build/fontdirectory/elsieswashcaps/builds/build/ElsieSwashCaps-Regular.ttf
bakery_lint.tests.downstream.test_check_name_table_recommendation.CheckOTFamilyNameRecommendation.test_check_opentype_familyname(): OK
bakery_lint.tests.downstream.test_check_name_table_recommendation.CheckOTStyleNameRecommendation.test_check_opentype_stylename(): OK
bakery_lint.tests.downstream.test_check_name_table_recommendation.CheckOTFullNameRecommendation.test_check_opentype_fullname(): OK
bakery_lint.tests.downstream.test_check_magic_prep_code.CheckMagicPREPByteCode.test_prep_magic_code(): OK
bakery_lint.tests.downstream.test_check_license_included.CheckLicenseIncluded.test_license_included_in_font_names(): OK
bakery_lint.tests.downstream.test_check_italic_angle_agreement.CheckItalicAngleAgreement.test_check_italic_angle_agreement(): OK
bakery_lint.tests.downstream.test_check_hmtx_hhea_max_advance_width_agreement.CheckHmtxHheaMaxAdvanceWidthAgreement.test_check_hmtx_hhea_max_advance_width_agreement(): OK
bakery_lint.tests.downstream.test_check_glyph_existence.CheckGlyphExistence.test_euro(): OK
bakery_lint.tests.downstream.test_check_glyph_existence.CheckGlyphExistence.test_nbsp(): OK
bakery_lint.tests.downstream.test_check_glyph_existence.CheckGlyphExistence.test_space(): OK
bakery_lint.tests.downstream.test_check_glyf_table_length.CheckGlyfTableLength.test_check_glyf_table_length(): FAIL
bakery_lint.tests.downstream.test_check_full_font_name_begins_with_family_name.CheckFullFontNameBeginsWithFamilyName.test_check_full_font_name_begins_with_family_name(): OK
bakery_lint.tests.downstream.test_check_fontname_matches_macstyle.CheckFontNameEqualToMacStyleFlags.test_fontname_is_equal_to_macstyle(): FAIL
bakery_lint.tests.downstream.test_check_font_tables.CheckFontHasDsigTable.test_check_font_has_dsig_table(): OK
bakery_lint.tests.downstream.test_check_font_tables.CheckFontHasNotKernTable.test_no_kern_table_exists(): OK
bakery_lint.tests.downstream.test_check_font_agreements.CheckFsTypeIsNotSet.test_is_fstype_not_set(): OK
$ bakery-fstype-fix.py --autofix /home/travis/build/fontdirectory/elsieswashcaps/builds/build/ElsieSwashCaps-Regular.ttf
$ mv /home/travis/build/fontdirectory/elsieswashcaps/builds/build/ElsieSwashCaps-Regular.ttf.fix /home/travis/build/fontdirectory/elsieswashcaps/builds/build/ElsieSwashCaps-Regular.ttf
bakery_lint.tests.downstream.test_check_font_agreements.CheckFontAgreements.test_em_is_1000(): OK
bakery_lint.tests.downstream.test_check_font_agreements.CheckFontAgreements.test_file_is_font(): OK
bakery_lint.tests.downstream.test_check_font_agreements.CheckFontAgreements.test_font_is_font(): OK
bakery_lint.tests.downstream.test_check_font_agreements.CheckFontAgreements.test_latin_file_exists(): FAIL
### Optimize TTF ElsieSwashCapsBlack-Regular.ttf
$ ls -l 'ElsieSwashCapsBlack-Regular.ttf'* # look at the size savings of that subset process
ElsieSwashCapsBlack-Regular.ttf.opt: 37560 bytes
ElsieSwashCapsBlack-Regular.ttf: 39660 bytes
$ mv /home/travis/build/fontdirectory/elsieswashcaps/builds/build/ElsieSwashCapsBlack-Regular.ttf.opt /home/travis/build/fontdirectory/elsieswashcaps/builds/build/ElsieSwashCapsBlack-Regular.ttf
### Autohint TTFs (ttfautohint) ElsieSwashCapsBlack-Regular.ttf
### Optimize TTF ElsieSwashCaps-Regular.ttf
bakery_lint.tests.downstream.test_fontforge_validation_state.FontForgeValidateStateTest.test_allowed_numbers_paths_in_composite_glyphs(): OK
bakery_lint.tests.downstream.test_fontforge_validation_state.FontForgeValidateStateTest.test_allowed_numbers_paths_in_glyphs(): OK
bakery_lint.tests.downstream.test_fontforge_validation_state.FontForgeValidateStateTest.test_allowed_numbers_points_in_composite_glyphs(): OK
bakery_lint.tests.downstream.test_fontforge_validation_state.FontForgeValidateStateTest.test_allowed_numbers_points_in_glyphs(): OK
bakery_lint.tests.downstream.test_fontforge_validation_state.FontForgeValidateStateTest.test_duplicate_glyphs(): OK
bakery_lint.tests.downstream.test_fontforge_validation_state.FontForgeValidateStateTest.test_duplicate_unicode_codepoints(): OK
bakery_lint.tests.downstream.test_fontforge_validation_state.FontForgeValidateStateTest.test_flipped_reference_in_glyphs(): OK
bakery_lint.tests.downstream.test_fontforge_validation_state.FontForgeValidateStateTest.test_missing_anchors(): OK
bakery_lint.tests.downstream.test_fontforge_validation_state.FontForgeValidateStateTest.test_missing_extrema_in_glyphs(): OK
bakery_lint.tests.downstream.test_fontforge_validation_state.FontForgeValidateStateTest.test_overlapped_hints(): OK
bakery_lint.tests.downstream.test_fontforge_validation_state.FontForgeValidateStateTest.test_points_are_integer_aligned(): OK
bakery_lint.tests.downstream.test_fontforge_validation_state.FontForgeValidateStateTest.test_points_are_not_too_far_apart(): OK
bakery_lint.tests.downstream.test_fontforge_validation_state.FontForgeValidateStateTest.test_postscript_hasnt_limit_hints_in_glyphs(): OK
bakery_lint.tests.downstream.test_fontforge_validation_state.FontForgeValidateStateTest.test_postscript_hasnt_limit_points_in_glyphs(): OK
bakery_lint.tests.downstream.test_fontforge_validation_state.FontForgeValidateStateTest.test_referenced_glyphs_are_present(): OK
bakery_lint.tests.downstream.test_fontforge_validation_state.FontForgeValidateStateTest.test_valid_glyph_names(): OK
bakery_lint.tests.downstream.test_fontforge_validation_state.FontForgeValidateStateTest.test_valid_length_instructions(): OK
bakery_lint.tests.downstream.test_fontforge_validation_state.FontForgeValidateStateTest.test_validation_glyph_intersect(): OK
bakery_lint.tests.downstream.test_fontforge_validation_state.FontForgeValidateStateTest.test_validation_open_contours(): OK
bakery_lint.tests.downstream.test_fontforge_validation_state.FontForgeValidateStateTest.test_wrong_direction_in_glyphs(): OK
$ ls -l /home/travis/build/fontdirectory/elsieswashcaps/builds/build/ElsieSwashCapsBlack-Regular.*ttf # look at the size savings of that subset process
/home/travis/build/fontdirectory/elsieswashcaps/builds/build/ElsieSwashCapsBlack-Regular.ttf: 37560 bytes
/home/travis/build/fontdirectory/elsieswashcaps/builds/build/ElsieSwashCapsBlack-Regular.autohint.ttf: 68444 bytes
$ mv /home/travis/build/fontdirectory/elsieswashcaps/builds/build/ElsieSwashCapsBlack-Regular.autohint.ttf /home/travis/build/fontdirectory/elsieswashcaps/builds/build/ElsieSwashCapsBlack-Regular.ttf
### Subset TTFs (pyftsubset) ElsieSwashCapsBlack-Regular.ttf
$ ls -l 'ElsieSwashCaps-Regular.ttf'* # look at the size savings of that subset process
ElsieSwashCaps-Regular.ttf.opt: 36120 bytes
ElsieSwashCaps-Regular.ttf: 38152 bytes
$ mv /home/travis/build/fontdirectory/elsieswashcaps/builds/build/ElsieSwashCaps-Regular.ttf.opt /home/travis/build/fontdirectory/elsieswashcaps/builds/build/ElsieSwashCaps-Regular.ttf
### Autohint TTFs (ttfautohint) ElsieSwashCaps-Regular.ttf
bakery_lint.tests.downstream.test_check_vertical_metrics.CheckVerticalAscentMetrics.test_metrics_ascents_equal_bbox(): OK
Generate ElsieSwashCapsBlack-Regular.latin
Generate ElsieSwashCapsBlack-Regular.menu
strippedname:/home/travis/build/fontdirectory/elsieswashcaps/builds/build/ElsieSwashCapsBlack-Regular.ttf
spaceWidth is    250
nbspWidth is     250
Nothing to do
$ ls -l /home/travis/build/fontdirectory/elsieswashcaps/builds/build/ElsieSwashCaps-Regular.*ttf # look at the size savings of that subset process
/home/travis/build/fontdirectory/elsieswashcaps/builds/build/ElsieSwashCaps-Regular.ttf: 36120 bytes
/home/travis/build/fontdirectory/elsieswashcaps/builds/build/ElsieSwashCaps-Regular.autohint.ttf: 67392 bytes
$ mv /home/travis/build/fontdirectory/elsieswashcaps/builds/build/ElsieSwashCaps-Regular.autohint.ttf /home/travis/build/fontdirectory/elsieswashcaps/builds/build/ElsieSwashCaps-Regular.ttf
### Subset TTFs (pyftsubset) ElsieSwashCaps-Regular.ttf
bakery_lint.tests.downstream.test_check_vertical_metrics.CheckVerticalLinegapMetrics.test_metrics_linegaps_are_zero(): ERROR
Generate ElsieSwashCaps-Regular.latin
bakery_lint.tests.downstream.test_check_vertical_metrics.CheckVerticalDescentMetrics.test_metrics_descents_equal_bbox(): ERROR
bakery_lint.tests.downstream.test_check_upm_heights_less_120.TestCheckUPMHeightsLess120.test_check_upm_heigths_less_120(): OK
bakery_lint.tests.downstream.test_check_unused_glyph_data.CheckUnusedGlyphData.test_check_unused_glyph_data(): ERROR
bakery_lint.tests.downstream.test_check_unencoded_glyph.TestFontUnencodedGlyph.test_font_unencoded_glyphs(): FAIL
$ bakery-encode-glyphs-fix.py --autofix /home/travis/build/fontdirectory/elsieswashcaps/builds/build/ElsieSwashCaps-Black.ttf
Generate ElsieSwashCaps-Regular.menu
$ mv /home/travis/build/fontdirectory/elsieswashcaps/builds/build/ElsieSwashCaps-Black.ttf.fix /home/travis/build/fontdirectory/elsieswashcaps/builds/build/ElsieSwashCaps-Black.ttf
strippedname:/home/travis/build/fontdirectory/elsieswashcaps/builds/build/ElsieSwashCaps-Regular.ttf
spaceWidth is    220
nbspWidth is     220
Nothing to do
bakery_lint.tests.downstream.test_check_unencoded_glyph.TestFontUnencodedGlyph.test_font_unencoded_glyphs(): FAIL
bakery_lint.tests.downstream.test_check_panose_identification.CheckPanoseIdentification.test_check_panose_identification(): OK
bakery_lint.tests.downstream.test_check_os2_width_class.CheckOS2WidthClass.test_check_os2_width_class(): OK
bakery_lint.tests.downstream.test_check_no_problematic_formats.CheckNoProblematicFormats.test_check_no_problematic_formats(): OK
bakery_lint.tests.downstream.test_check_nbsp_width_matches_sp_width.CheckNbspWidthMatchesSpWidth.test_check_nbsp_width_matches_sp_width(): FAIL
$ bakery-nbsp-fix.py /home/travis/build/fontdirectory/elsieswashcaps/builds/build/ElsieSwashCaps-Black.ttf
$ mv /home/travis/build/fontdirectory/elsieswashcaps/builds/build/ElsieSwashCaps-Black.ttf.fix /home/travis/build/fontdirectory/elsieswashcaps/builds/build/ElsieSwashCaps-Black.ttf
bakery_lint.tests.downstream.test_check_nbsp_width_matches_sp_width.CheckNbspWidthMatchesSpWidth.test_check_nbsp_width_matches_sp_width(): FAIL
bakery_lint.tests.downstream.test_check_names_same_across_platforms.CheckNamesSameAcrossPlatforms.test_check_names_same_across_platforms(): OK
bakery_lint.tests.downstream.test_check_name_table_recommendation.CheckStyleNameRecommendation.test_check_stylename_is_under_recommendations(): OK
bakery_lint.tests.downstream.test_check_name_table_recommendation.CheckOTFamilyNameRecommendation.test_check_opentype_familyname(): FAIL
$ bakery-opentype-fix.py /home/travis/build/fontdirectory/elsieswashcaps/builds/build/ElsieSwashCaps-Black.ttf
$ mv /home/travis/build/fontdirectory/elsieswashcaps/builds/build/ElsieSwashCaps-Black.ttf.fix /home/travis/build/fontdirectory/elsieswashcaps/builds/build/ElsieSwashCaps-Black.ttf
bakery_lint.tests.downstream.test_check_name_table_recommendation.CheckOTFamilyNameRecommendation.test_check_opentype_familyname(): OK
bakery_lint.tests.downstream.test_check_name_table_recommendation.CheckOTStyleNameRecommendation.test_check_opentype_stylename(): OK
bakery_lint.tests.downstream.test_check_name_table_recommendation.CheckOTFullNameRecommendation.test_check_opentype_fullname(): OK
bakery_lint.tests.downstream.test_check_magic_prep_code.CheckMagicPREPByteCode.test_prep_magic_code(): FAIL
bakery_lint.tests.downstream.test_check_license_included.CheckLicenseIncluded.test_license_included_in_font_names(): OK
bakery_lint.tests.downstream.test_check_italic_angle_agreement.CheckItalicAngleAgreement.test_check_italic_angle_agreement(): OK
bakery_lint.tests.downstream.test_check_hmtx_hhea_max_advance_width_agreement.CheckHmtxHheaMaxAdvanceWidthAgreement.test_check_hmtx_hhea_max_advance_width_agreement(): OK
bakery_lint.tests.downstream.test_check_glyph_existence.CheckGlyphExistence.test_euro(): OK
bakery_lint.tests.downstream.test_check_glyph_existence.CheckGlyphExistence.test_nbsp(): OK
bakery_lint.tests.downstream.test_check_glyph_existence.CheckGlyphExistence.test_space(): OK
bakery_lint.tests.downstream.test_check_glyf_table_length.CheckGlyfTableLength.test_check_glyf_table_length(): FAIL
bakery_lint.tests.downstream.test_check_full_font_name_begins_with_family_name.CheckFullFontNameBeginsWithFamilyName.test_check_full_font_name_begins_with_family_name(): OK
bakery_lint.tests.downstream.test_check_fontname_matches_macstyle.CheckFontNameEqualToMacStyleFlags.test_fontname_is_equal_to_macstyle(): FAIL
bakery_lint.tests.downstream.test_check_font_tables.CheckFontHasDsigTable.test_check_font_has_dsig_table(): OK
bakery_lint.tests.downstream.test_check_font_tables.CheckFontHasNotKernTable.test_no_kern_table_exists(): OK
bakery_lint.tests.downstream.test_check_font_agreements.CheckFsTypeIsNotSet.test_is_fstype_not_set(): OK
$ bakery-fstype-fix.py --autofix /home/travis/build/fontdirectory/elsieswashcaps/builds/build/ElsieSwashCaps-Black.ttf
$ mv /home/travis/build/fontdirectory/elsieswashcaps/builds/build/ElsieSwashCaps-Black.ttf.fix /home/travis/build/fontdirectory/elsieswashcaps/builds/build/ElsieSwashCaps-Black.ttf
bakery_lint.tests.downstream.test_check_font_agreements.CheckFontAgreements.test_em_is_1000(): OK
bakery_lint.tests.downstream.test_check_font_agreements.CheckFontAgreements.test_file_is_font(): OK
bakery_lint.tests.downstream.test_check_font_agreements.CheckFontAgreements.test_font_is_font(): OK
bakery_lint.tests.downstream.test_check_font_agreements.CheckFontAgreements.test_latin_file_exists(): FAIL
Success: Generated OpenType-TTF (/home/travis/build/fontdirectory/elsieswashcaps/builds/build/ElsieSwashCaps-Black-backup-fonttools-prep-gasp-TTF.ttf)
$ font2ttf.py sources/ElsieSwashCaps-Regular-TTF.sfd ElsieSwashCaps-Regular-TTF.ttf
### Test ElsieSwashCaps-Black-backup-fonttools-prep-gasp-TTF.ttf
$ bakery-lint.py result ElsieSwashCaps-Black-backup-fonttools-prep-gasp-TTF.ttf
### Optimize TTF ElsieSwashCaps-Black.ttf
bakery_lint.tests.downstream.test_names_are_ascii_only.CheckNamesAreASCIIOnly.test_check_names_are_ascii_only(): OK
bakery_lint.tests.downstream.test_gpos_table_has_kerning_info.CheckGposTableHasKerningInfo.test_gpos_table_has_kerning_info(): FAIL
bakery_lint.tests.downstream.test_gasp_table_value.CheckGaspTableType.test_check_gasp_table_type(): FAIL
$ bakery-gasp.py --set=15 /home/travis/build/fontdirectory/elsieswashcaps/builds/build/ElsieSwashCaps-Black-backup-fonttools-prep-gasp-TTF.ttf
$ mv /home/travis/build/fontdirectory/elsieswashcaps/builds/build/ElsieSwashCaps-Black-backup-fonttools-prep-gasp-TTF.ttf.fix /home/travis/build/fontdirectory/elsieswashcaps/builds/build/ElsieSwashCaps-Black-backup-fonttools-prep-gasp-TTF.ttf
bakery_lint.tests.downstream.test_gasp_table_value.CheckGaspTableType.test_check_gasp_table_type(): OK
$ bakery-gasp.py --set=15 /home/travis/build/fontdirectory/elsieswashcaps/builds/build/ElsieSwashCaps-Black-backup-fonttools-prep-gasp-TTF.ttf
$ mv /home/travis/build/fontdirectory/elsieswashcaps/builds/build/ElsieSwashCaps-Black-backup-fonttools-prep-gasp-TTF.ttf.fix /home/travis/build/fontdirectory/elsieswashcaps/builds/build/ElsieSwashCaps-Black-backup-fonttools-prep-gasp-TTF.ttf
The following table(s) in the font have been ignored by FontForge
  Ignoring 'DSIG' digital signature table
$ ls -l 'ElsieSwashCaps-Black.ttf'* # look at the size savings of that subset process
ElsieSwashCaps-Black.ttf.opt: 37272 bytes
ElsieSwashCaps-Black.ttf: 39648 bytes
$ mv /home/travis/build/fontdirectory/elsieswashcaps/builds/build/ElsieSwashCaps-Black.ttf.opt /home/travis/build/fontdirectory/elsieswashcaps/builds/build/ElsieSwashCaps-Black.ttf
### Autohint TTFs (ttfautohint) ElsieSwashCaps-Black.ttf
$ ls -l /home/travis/build/fontdirectory/elsieswashcaps/builds/build/ElsieSwashCaps-Black.*ttf # look at the size savings of that subset process
/home/travis/build/fontdirectory/elsieswashcaps/builds/build/ElsieSwashCaps-Black.ttf: 37272 bytes
/home/travis/build/fontdirectory/elsieswashcaps/builds/build/ElsieSwashCaps-Black.autohint.ttf: 68168 bytes
$ mv /home/travis/build/fontdirectory/elsieswashcaps/builds/build/ElsieSwashCaps-Black.autohint.ttf /home/travis/build/fontdirectory/elsieswashcaps/builds/build/ElsieSwashCaps-Black.ttf
### Subset TTFs (pyftsubset) ElsieSwashCaps-Black.ttf
Generate ElsieSwashCaps-Black.latin
Generate ElsieSwashCaps-Black.menu
strippedname:/home/travis/build/fontdirectory/elsieswashcaps/builds/build/ElsieSwashCaps-Black.ttf
spaceWidth is    250
nbspWidth is     250
Nothing to do
bakery_lint.tests.downstream.test_fontforge_validation_state.FontForgeValidateStateTest.test_allowed_numbers_paths_in_composite_glyphs(): OK
bakery_lint.tests.downstream.test_fontforge_validation_state.FontForgeValidateStateTest.test_allowed_numbers_paths_in_glyphs(): OK
bakery_lint.tests.downstream.test_fontforge_validation_state.FontForgeValidateStateTest.test_allowed_numbers_points_in_composite_glyphs(): OK
bakery_lint.tests.downstream.test_fontforge_validation_state.FontForgeValidateStateTest.test_allowed_numbers_points_in_glyphs(): OK
bakery_lint.tests.downstream.test_fontforge_validation_state.FontForgeValidateStateTest.test_duplicate_glyphs(): OK
bakery_lint.tests.downstream.test_fontforge_validation_state.FontForgeValidateStateTest.test_duplicate_unicode_codepoints(): OK
bakery_lint.tests.downstream.test_fontforge_validation_state.FontForgeValidateStateTest.test_flipped_reference_in_glyphs(): OK
bakery_lint.tests.downstream.test_fontforge_validation_state.FontForgeValidateStateTest.test_missing_anchors(): OK
bakery_lint.tests.downstream.test_fontforge_validation_state.FontForgeValidateStateTest.test_missing_extrema_in_glyphs(): OK
bakery_lint.tests.downstream.test_fontforge_validation_state.FontForgeValidateStateTest.test_overlapped_hints(): OK
bakery_lint.tests.downstream.test_fontforge_validation_state.FontForgeValidateStateTest.test_points_are_integer_aligned(): OK
bakery_lint.tests.downstream.test_fontforge_validation_state.FontForgeValidateStateTest.test_points_are_not_too_far_apart(): OK
bakery_lint.tests.downstream.test_fontforge_validation_state.FontForgeValidateStateTest.test_postscript_hasnt_limit_hints_in_glyphs(): OK
bakery_lint.tests.downstream.test_fontforge_validation_state.FontForgeValidateStateTest.test_postscript_hasnt_limit_points_in_glyphs(): OK
bakery_lint.tests.downstream.test_fontforge_validation_state.FontForgeValidateStateTest.test_referenced_glyphs_are_present(): OK
bakery_lint.tests.downstream.test_fontforge_validation_state.FontForgeValidateStateTest.test_valid_glyph_names(): OK
bakery_lint.tests.downstream.test_fontforge_validation_state.FontForgeValidateStateTest.test_valid_length_instructions(): OK
bakery_lint.tests.downstream.test_fontforge_validation_state.FontForgeValidateStateTest.test_validation_glyph_intersect(): OK
bakery_lint.tests.downstream.test_fontforge_validation_state.FontForgeValidateStateTest.test_validation_open_contours(): OK
bakery_lint.tests.downstream.test_fontforge_validation_state.FontForgeValidateStateTest.test_wrong_direction_in_glyphs(): OK
bakery_lint.tests.downstream.test_check_vertical_metrics.CheckVerticalLinegapMetrics.test_metrics_linegaps_are_zero(): OK
bakery_lint.tests.downstream.test_check_vertical_metrics.CheckVerticalAscentMetrics.test_metrics_ascents_equal_bbox(): OK
Success: Generated OpenType-TTF (/home/travis/build/fontdirectory/elsieswashcaps/builds/build/ElsieSwashCaps-Regular-TTF.ttf)
$ font2ttf.py sources/ElsieSwashCaps-Regular-backup-fonttools-prep-gasp-TTF.sfd ElsieSwashCaps-Regular-backup-fonttools-prep-gasp-TTF.ttf
### Test ElsieSwashCaps-Regular-TTF.ttf
$ bakery-lint.py result ElsieSwashCaps-Regular-TTF.ttf
bakery_lint.tests.downstream.test_names_are_ascii_only.CheckNamesAreASCIIOnly.test_check_names_are_ascii_only(): OK
bakery_lint.tests.downstream.test_gpos_table_has_kerning_info.CheckGposTableHasKerningInfo.test_gpos_table_has_kerning_info(): FAIL
bakery_lint.tests.downstream.test_gasp_table_value.CheckGaspTableType.test_check_gasp_table_type(): OK
$ bakery-gasp.py --set=15 /home/travis/build/fontdirectory/elsieswashcaps/builds/build/ElsieSwashCaps-Regular-TTF.ttf
$ mv /home/travis/build/fontdirectory/elsieswashcaps/builds/build/ElsieSwashCaps-Regular-TTF.ttf.fix /home/travis/build/fontdirectory/elsieswashcaps/builds/build/ElsieSwashCaps-Regular-TTF.ttf
The following table(s) in the font have been ignored by FontForge
  Ignoring 'DSIG' digital signature table
bakery_lint.tests.downstream.test_fontforge_validation_state.FontForgeValidateStateTest.test_allowed_numbers_paths_in_composite_glyphs(): OK
bakery_lint.tests.downstream.test_fontforge_validation_state.FontForgeValidateStateTest.test_allowed_numbers_paths_in_glyphs(): OK
bakery_lint.tests.downstream.test_fontforge_validation_state.FontForgeValidateStateTest.test_allowed_numbers_points_in_composite_glyphs(): OK
bakery_lint.tests.downstream.test_fontforge_validation_state.FontForgeValidateStateTest.test_allowed_numbers_points_in_glyphs(): OK
bakery_lint.tests.downstream.test_fontforge_validation_state.FontForgeValidateStateTest.test_duplicate_glyphs(): OK
bakery_lint.tests.downstream.test_fontforge_validation_state.FontForgeValidateStateTest.test_duplicate_unicode_codepoints(): OK
bakery_lint.tests.downstream.test_fontforge_validation_state.FontForgeValidateStateTest.test_flipped_reference_in_glyphs(): OK
bakery_lint.tests.downstream.test_fontforge_validation_state.FontForgeValidateStateTest.test_missing_anchors(): OK
bakery_lint.tests.downstream.test_fontforge_validation_state.FontForgeValidateStateTest.test_missing_extrema_in_glyphs(): FAIL
bakery_lint.tests.downstream.test_fontforge_validation_state.FontForgeValidateStateTest.test_overlapped_hints(): OK
bakery_lint.tests.downstream.test_fontforge_validation_state.FontForgeValidateStateTest.test_points_are_integer_aligned(): OK
bakery_lint.tests.downstream.test_fontforge_validation_state.FontForgeValidateStateTest.test_points_are_not_too_far_apart(): OK
bakery_lint.tests.downstream.test_fontforge_validation_state.FontForgeValidateStateTest.test_postscript_hasnt_limit_hints_in_glyphs(): OK
bakery_lint.tests.downstream.test_fontforge_validation_state.FontForgeValidateStateTest.test_postscript_hasnt_limit_points_in_glyphs(): OK
bakery_lint.tests.downstream.test_fontforge_validation_state.FontForgeValidateStateTest.test_referenced_glyphs_are_present(): OK
bakery_lint.tests.downstream.test_fontforge_validation_state.FontForgeValidateStateTest.test_valid_glyph_names(): OK
bakery_lint.tests.downstream.test_fontforge_validation_state.FontForgeValidateStateTest.test_valid_length_instructions(): OK
bakery_lint.tests.downstream.test_fontforge_validation_state.FontForgeValidateStateTest.test_validation_glyph_intersect(): FAIL
bakery_lint.tests.downstream.test_fontforge_validation_state.FontForgeValidateStateTest.test_validation_open_contours(): OK
bakery_lint.tests.downstream.test_fontforge_validation_state.FontForgeValidateStateTest.test_wrong_direction_in_glyphs(): OK
bakery_lint.tests.downstream.test_check_vertical_metrics.CheckVerticalLinegapMetrics.test_metrics_linegaps_are_zero(): OK
Success: Generated OpenType-TTF (/home/travis/build/fontdirectory/elsieswashcaps/builds/build/ElsieSwashCaps-Regular-backup-fonttools-prep-gasp-TTF.ttf)
### Test ElsieSwashCaps-Regular-backup-fonttools-prep-gasp-TTF.ttf
$ bakery-lint.py result ElsieSwashCaps-Regular-backup-fonttools-prep-gasp-TTF.ttf
### (5 of 6) Generate METADATA.json (genmetadata.py)
$ genmetadata.py /home/travis/build/fontdirectory/elsieswashcaps/builds/build
{} exists
Designer's name from font is: Alejandro Inler
bakery_lint.tests.downstream.test_names_are_ascii_only.CheckNamesAreASCIIOnly.test_check_names_are_ascii_only(): OK
bakery_lint.tests.downstream.test_gpos_table_has_kerning_info.CheckGposTableHasKerningInfo.test_gpos_table_has_kerning_info(): FAIL
bakery_lint.tests.downstream.test_gasp_table_value.CheckGaspTableType.test_check_gasp_table_type(): FAIL
$ bakery-gasp.py --set=15 /home/travis/build/fontdirectory/elsieswashcaps/builds/build/ElsieSwashCaps-Regular-backup-fonttools-prep-gasp-TTF.ttf
$ mv /home/travis/build/fontdirectory/elsieswashcaps/builds/build/ElsieSwashCaps-Regular-backup-fonttools-prep-gasp-TTF.ttf.fix /home/travis/build/fontdirectory/elsieswashcaps/builds/build/ElsieSwashCaps-Regular-backup-fonttools-prep-gasp-TTF.ttf
bakery_lint.tests.downstream.test_gasp_table_value.CheckGaspTableType.test_check_gasp_table_type(): OK
$ bakery-gasp.py --set=15 /home/travis/build/fontdirectory/elsieswashcaps/builds/build/ElsieSwashCaps-Regular-backup-fonttools-prep-gasp-TTF.ttf
$ mv /home/travis/build/fontdirectory/elsieswashcaps/builds/build/ElsieSwashCaps-Regular-backup-fonttools-prep-gasp-TTF.ttf.fix /home/travis/build/fontdirectory/elsieswashcaps/builds/build/ElsieSwashCaps-Regular-backup-fonttools-prep-gasp-TTF.ttf
The following table(s) in the font have been ignored by FontForge
  Ignoring 'DSIG' digital signature table
Original size: 67392\nGzip size: 31833
Family Name: Elsie Swash Caps Black
PS Name: ElsieSwashCaps-Regular
Full Name: Elsie Swash Caps
Style: normal
Weight: 400
Filename: ElsieSwashCaps-Regular-backup-fonttools-prep-gasp-TTF.ttf
Copyright: Copyright (c) 2010-2012, Alejandro Inler (alejandroinler@gmail.com), with Reserved Font Name 'Elsie'
Family Name: Elsie Swash Caps Black
PS Name: ElsieSwashCaps-Regular
Full Name: Elsie Swash Caps
Style: normal
Weight: 400
Filename: ElsieSwashCaps-Regular-TTF.ttf
Copyright: Copyright (c) 2010-2012, Alejandro Inler (alejandroinler@gmail.com), with Reserved Font Name 'Elsie'
Family Name: Elsie Swash Caps Black
PS Name: ElsieSwashCapsBlack-Regular
Full Name: Elsie Swash Caps Blacks
Style: normal
Weight: 900
Filename: ElsieSwashCaps-Black.ttf
Copyright: Copyright (c) 2010-2012, Alejandro Inler (alejandroinler@gmail.com), with Reserved Font Name 'Elsie'
Family Name: Elsie Swash Caps Black
PS Name: ElsieSwashCapsBlack-Regular
Full Name: Elsie Swash Caps Black
Style: normal
Weight: 900
Filename: ElsieSwashCaps-Black-backup-fonttools-prep-gasp-TTF.ttf
Copyright: Copyright (c) 2010-2012, Alejandro Inler (alejandroinler@gmail.com), with Reserved Font Name 'Elsie'
Family Name: Elsie Swash Caps Black
PS Name: ElsieSwashCaps-Regular
Full Name: Elsie Swash Caps
Style: normal
Weight: 400
Filename: ElsieSwashCaps-Regular.ttf
Copyright: Copyright (c) 2010-2012, Alejandro Inler (alejandroinler@gmail.com), with Reserved Font Name 'Elsie'
Family Name: Elsie Swash Caps Black
PS Name: ElsieSwashCapsBlack-Regular
Full Name: Elsie Swash Caps Blacks
Style: normal
Weight: 900
Filename: ElsieSwashCapsBlack-Regular.ttf
Copyright: Copyright (c) 2010-2012, Alejandro Inler (alejandroinler@gmail.com), with Reserved Font Name 'Elsie'
Family Name: Elsie Swash Caps Black
PS Name: ElsieSwashCapsBlack-Regular
Full Name: Elsie Swash Caps Blacks
Style: normal
Weight: 900
Filename: ElsieSwashCaps-Black-TTF.ttf
Copyright: Copyright (c) 2010-2012, Alejandro Inler (alejandroinler@gmail.com), with Reserved Font Name 'Elsie'
### (6 of 6) Run tests for METADATA.json
$ bakery-lint.py metadata METADATA.json
bakery_lint.tests.metadata_test.MetadataSubsetsListTest.test_charset_latin(): OK
bakery_lint.tests.metadata_test.MetadataSubsetsListTest.test_charset_latin_ext(): FAIL
bakery_lint.tests.metadata_test.MetadataSubsetsListTest.test_charset_menu(): OK
bakery_lint.tests.metadata_test.MetadataTest.test_description_is_more_than_500b(): OK
bakery_lint.tests.metadata_test.MetadataTest.test_description_is_valid_html(): OK
bakery_lint.tests.downstream.test_check_vertical_metrics.CheckVerticalAscentMetrics.test_metrics_ascents_equal_bbox(): OK
bakery_lint.tests.downstream.test_fontforge_validation_state.FontForgeValidateStateTest.test_allowed_numbers_paths_in_composite_glyphs(): OK
bakery_lint.tests.downstream.test_fontforge_validation_state.FontForgeValidateStateTest.test_allowed_numbers_paths_in_glyphs(): OK
bakery_lint.tests.downstream.test_fontforge_validation_state.FontForgeValidateStateTest.test_allowed_numbers_points_in_composite_glyphs(): OK
bakery_lint.tests.downstream.test_fontforge_validation_state.FontForgeValidateStateTest.test_allowed_numbers_points_in_glyphs(): OK
bakery_lint.tests.downstream.test_fontforge_validation_state.FontForgeValidateStateTest.test_duplicate_glyphs(): OK
bakery_lint.tests.downstream.test_fontforge_validation_state.FontForgeValidateStateTest.test_duplicate_unicode_codepoints(): OK
bakery_lint.tests.downstream.test_fontforge_validation_state.FontForgeValidateStateTest.test_flipped_reference_in_glyphs(): OK
bakery_lint.tests.downstream.test_fontforge_validation_state.FontForgeValidateStateTest.test_missing_anchors(): OK
bakery_lint.tests.downstream.test_fontforge_validation_state.FontForgeValidateStateTest.test_missing_extrema_in_glyphs(): FAIL
bakery_lint.tests.downstream.test_fontforge_validation_state.FontForgeValidateStateTest.test_overlapped_hints(): OK
bakery_lint.tests.downstream.test_fontforge_validation_state.FontForgeValidateStateTest.test_points_are_integer_aligned(): OK
bakery_lint.tests.downstream.test_fontforge_validation_state.FontForgeValidateStateTest.test_points_are_not_too_far_apart(): OK
bakery_lint.tests.downstream.test_fontforge_validation_state.FontForgeValidateStateTest.test_postscript_hasnt_limit_hints_in_glyphs(): OK
bakery_lint.tests.downstream.test_fontforge_validation_state.FontForgeValidateStateTest.test_postscript_hasnt_limit_points_in_glyphs(): OK
bakery_lint.tests.downstream.test_fontforge_validation_state.FontForgeValidateStateTest.test_referenced_glyphs_are_present(): OK
bakery_lint.tests.downstream.test_fontforge_validation_state.FontForgeValidateStateTest.test_valid_glyph_names(): OK
bakery_lint.tests.downstream.test_fontforge_validation_state.FontForgeValidateStateTest.test_valid_length_instructions(): OK
bakery_lint.tests.downstream.test_fontforge_validation_state.FontForgeValidateStateTest.test_validation_glyph_intersect(): FAIL
bakery_lint.tests.downstream.test_fontforge_validation_state.FontForgeValidateStateTest.test_validation_open_contours(): OK
bakery_lint.tests.downstream.test_fontforge_validation_state.FontForgeValidateStateTest.test_wrong_direction_in_glyphs(): OK
bakery_lint.tests.downstream.test_check_vertical_metrics.CheckVerticalDescentMetrics.test_metrics_descents_equal_bbox(): OK
bakery_lint.tests.downstream.test_check_upm_heights_less_120.TestCheckUPMHeightsLess120.test_check_upm_heigths_less_120(): OK
bakery_lint.tests.downstream.test_check_unused_glyph_data.CheckUnusedGlyphData.test_check_unused_glyph_data(): ERROR
bakery_lint.tests.downstream.test_check_unencoded_glyph.TestFontUnencodedGlyph.test_font_unencoded_glyphs(): FAIL
$ bakery-encode-glyphs-fix.py --autofix /home/travis/build/fontdirectory/elsieswashcaps/builds/build/ElsieSwashCaps-Black-TTF.ttf
$ mv /home/travis/build/fontdirectory/elsieswashcaps/builds/build/ElsieSwashCaps-Black-TTF.ttf.fix /home/travis/build/fontdirectory/elsieswashcaps/builds/build/ElsieSwashCaps-Black-TTF.ttf
bakery_lint.tests.downstream.test_check_unencoded_glyph.TestFontUnencodedGlyph.test_font_unencoded_glyphs(): FAIL
bakery_lint.tests.downstream.test_check_panose_identification.CheckPanoseIdentification.test_check_panose_identification(): OK
bakery_lint.tests.downstream.test_check_os2_width_class.CheckOS2WidthClass.test_check_os2_width_class(): OK
bakery_lint.tests.downstream.test_check_no_problematic_formats.CheckNoProblematicFormats.test_check_no_problematic_formats(): OK
bakery_lint.tests.downstream.test_check_nbsp_width_matches_sp_width.CheckNbspWidthMatchesSpWidth.test_check_nbsp_width_matches_sp_width(): FAIL
$ bakery-nbsp-fix.py /home/travis/build/fontdirectory/elsieswashcaps/builds/build/ElsieSwashCaps-Black-TTF.ttf
$ mv /home/travis/build/fontdirectory/elsieswashcaps/builds/build/ElsieSwashCaps-Black-TTF.ttf.fix /home/travis/build/fontdirectory/elsieswashcaps/builds/build/ElsieSwashCaps-Black-TTF.ttf
bakery_lint.tests.downstream.test_check_nbsp_width_matches_sp_width.CheckNbspWidthMatchesSpWidth.test_check_nbsp_width_matches_sp_width(): FAIL
bakery_lint.tests.downstream.test_check_names_same_across_platforms.CheckNamesSameAcrossPlatforms.test_check_names_same_across_platforms(): OK
bakery_lint.tests.downstream.test_check_name_table_recommendation.CheckStyleNameRecommendation.test_check_stylename_is_under_recommendations(): OK
bakery_lint.tests.downstream.test_check_name_table_recommendation.CheckOTFamilyNameRecommendation.test_check_opentype_familyname(): FAIL
$ bakery-opentype-fix.py /home/travis/build/fontdirectory/elsieswashcaps/builds/build/ElsieSwashCaps-Black-TTF.ttf
$ mv /home/travis/build/fontdirectory/elsieswashcaps/builds/build/ElsieSwashCaps-Black-TTF.ttf.fix /home/travis/build/fontdirectory/elsieswashcaps/builds/build/ElsieSwashCaps-Black-TTF.ttf
bakery_lint.tests.downstream.test_check_name_table_recommendation.CheckOTFamilyNameRecommendation.test_check_opentype_familyname(): OK
bakery_lint.tests.downstream.test_check_name_table_recommendation.CheckOTStyleNameRecommendation.test_check_opentype_stylename(): OK
bakery_lint.tests.downstream.test_check_name_table_recommendation.CheckOTFullNameRecommendation.test_check_opentype_fullname(): OK
bakery_lint.tests.downstream.test_check_magic_prep_code.CheckMagicPREPByteCode.test_prep_magic_code(): OK
bakery_lint.tests.downstream.test_check_license_included.CheckLicenseIncluded.test_license_included_in_font_names(): OK
bakery_lint.tests.downstream.test_check_italic_angle_agreement.CheckItalicAngleAgreement.test_check_italic_angle_agreement(): OK
bakery_lint.tests.downstream.test_check_hmtx_hhea_max_advance_width_agreement.CheckHmtxHheaMaxAdvanceWidthAgreement.test_check_hmtx_hhea_max_advance_width_agreement(): OK
bakery_lint.tests.downstream.test_check_glyph_existence.CheckGlyphExistence.test_euro(): OK
bakery_lint.tests.downstream.test_check_glyph_existence.CheckGlyphExistence.test_nbsp(): OK
bakery_lint.tests.downstream.test_check_glyph_existence.CheckGlyphExistence.test_space(): OK
bakery_lint.tests.downstream.test_check_glyf_table_length.CheckGlyfTableLength.test_check_glyf_table_length(): FAIL
bakery_lint.tests.downstream.test_check_full_font_name_begins_with_family_name.CheckFullFontNameBeginsWithFamilyName.test_check_full_font_name_begins_with_family_name(): OK
bakery_lint.tests.downstream.test_check_fontname_matches_macstyle.CheckFontNameEqualToMacStyleFlags.test_fontname_is_equal_to_macstyle(): FAIL
bakery_lint.tests.metadata_test.MetadataTest.test_does_not_familyName_exist_in_daltonmaag_catalogue(): FAIL
bakery_lint.tests.downstream.test_check_font_tables.CheckFontHasDsigTable.test_check_font_has_dsig_table(): OK
bakery_lint.tests.downstream.test_check_font_tables.CheckFontHasNotKernTable.test_no_kern_table_exists(): OK
bakery_lint.tests.downstream.test_check_font_agreements.CheckFsTypeIsNotSet.test_is_fstype_not_set(): OK
$ bakery-fstype-fix.py --autofix /home/travis/build/fontdirectory/elsieswashcaps/builds/build/ElsieSwashCaps-Black-TTF.ttf
$ mv /home/travis/build/fontdirectory/elsieswashcaps/builds/build/ElsieSwashCaps-Black-TTF.ttf.fix /home/travis/build/fontdirectory/elsieswashcaps/builds/build/ElsieSwashCaps-Black-TTF.ttf
bakery_lint.tests.downstream.test_check_font_agreements.CheckFontAgreements.test_em_is_1000(): OK
bakery_lint.tests.downstream.test_check_font_agreements.CheckFontAgreements.test_file_is_font(): OK
bakery_lint.tests.downstream.test_check_font_agreements.CheckFontAgreements.test_font_is_font(): OK
bakery_lint.tests.downstream.test_check_font_agreements.CheckFontAgreements.test_latin_file_exists(): FAIL
bakery_lint.tests.downstream.test_check_vertical_metrics.CheckVerticalLinegapMetrics.test_metrics_linegaps_are_zero(): OK
bakery_lint.tests.metadata_test.MetadataTest.test_does_not_familyName_exist_in_fontbureau_catalogue(): OK
### Optimize TTF ElsieSwashCaps-Black-TTF.ttf
$ ls -l 'ElsieSwashCaps-Black-TTF.ttf'* # look at the size savings of that subset process
ElsieSwashCaps-Black-TTF.ttf.opt: 36992 bytes
ElsieSwashCaps-Black-TTF.ttf: 39356 bytes
$ mv /home/travis/build/fontdirectory/elsieswashcaps/builds/build/ElsieSwashCaps-Black-TTF.ttf.opt /home/travis/build/fontdirectory/elsieswashcaps/builds/build/ElsieSwashCaps-Black-TTF.ttf
### Autohint TTFs (ttfautohint) ElsieSwashCaps-Black-TTF.ttf
$ ls -l /home/travis/build/fontdirectory/elsieswashcaps/builds/build/ElsieSwashCaps-Black-TTF.*ttf # look at the size savings of that subset process
/home/travis/build/fontdirectory/elsieswashcaps/builds/build/ElsieSwashCaps-Black-TTF.ttf: 36992 bytes
/home/travis/build/fontdirectory/elsieswashcaps/builds/build/ElsieSwashCaps-Black-TTF.autohint.ttf: 67588 bytes
$ mv /home/travis/build/fontdirectory/elsieswashcaps/builds/build/ElsieSwashCaps-Black-TTF.autohint.ttf /home/travis/build/fontdirectory/elsieswashcaps/builds/build/ElsieSwashCaps-Black-TTF.ttf
### Subset TTFs (pyftsubset) ElsieSwashCaps-Black-TTF.ttf
Generate ElsieSwashCaps-Black-TTF.latin
Generate ElsieSwashCaps-Black-TTF.menu
strippedname:/home/travis/build/fontdirectory/elsieswashcaps/builds/build/ElsieSwashCaps-Black-TTF.ttf
spaceWidth is    250
nbspWidth is     250
Nothing to do
bakery_lint.tests.downstream.test_check_vertical_metrics.CheckVerticalAscentMetrics.test_metrics_ascents_equal_bbox(): OK
bakery_lint.tests.metadata_test.MetadataTest.test_does_not_familyName_exist_in_fontscom_catalogue(): OK
bakery_lint.tests.metadata_test.MetadataTest.test_does_not_familyName_exist_in_fontshop_catalogue(): FAIL
bakery_lint.tests.downstream.test_check_vertical_metrics.CheckVerticalDescentMetrics.test_metrics_descents_equal_bbox(): OK
bakery_lint.tests.downstream.test_check_upm_heights_less_120.TestCheckUPMHeightsLess120.test_check_upm_heigths_less_120(): OK
bakery_lint.tests.downstream.test_check_unused_glyph_data.CheckUnusedGlyphData.test_check_unused_glyph_data(): ERROR
bakery_lint.tests.downstream.test_check_unencoded_glyph.TestFontUnencodedGlyph.test_font_unencoded_glyphs(): FAIL
$ bakery-encode-glyphs-fix.py --autofix /home/travis/build/fontdirectory/elsieswashcaps/builds/build/ElsieSwashCaps-Black-backup-fonttools-prep-gasp-TTF.ttf
$ mv /home/travis/build/fontdirectory/elsieswashcaps/builds/build/ElsieSwashCaps-Black-backup-fonttools-prep-gasp-TTF.ttf.fix /home/travis/build/fontdirectory/elsieswashcaps/builds/build/ElsieSwashCaps-Black-backup-fonttools-prep-gasp-TTF.ttf
bakery_lint.tests.downstream.test_check_unencoded_glyph.TestFontUnencodedGlyph.test_font_unencoded_glyphs(): FAIL
bakery_lint.tests.downstream.test_check_panose_identification.CheckPanoseIdentification.test_check_panose_identification(): OK
bakery_lint.tests.downstream.test_check_os2_width_class.CheckOS2WidthClass.test_check_os2_width_class(): OK
bakery_lint.tests.downstream.test_check_no_problematic_formats.CheckNoProblematicFormats.test_check_no_problematic_formats(): OK
bakery_lint.tests.downstream.test_check_nbsp_width_matches_sp_width.CheckNbspWidthMatchesSpWidth.test_check_nbsp_width_matches_sp_width(): FAIL
$ bakery-nbsp-fix.py /home/travis/build/fontdirectory/elsieswashcaps/builds/build/ElsieSwashCaps-Black-backup-fonttools-prep-gasp-TTF.ttf
Process Process-11:
Traceback (most recent call last):
  File "/opt/python/2.7.8/lib/python2.7/multiprocessing/process.py", line 258, in _bootstrap
    self.run()
  File "/opt/python/2.7.8/lib/python2.7/multiprocessing/process.py", line 114, in run
    self._target(*self._args, **self._kwargs)
  File "/home/travis/virtualenv/python2.7.8/lib/python2.7/site-packages/bakery_cli/pipe/build.py", line 114, in run_processes
    fontlint.run(filename, pipedata)
  File "/home/travis/virtualenv/python2.7.8/lib/python2.7/site-packages/bakery_cli/pipe/fontlint.py", line 60, in run
    log=self.bakery.logger)
  File "/home/travis/virtualenv/python2.7.8/lib/python2.7/site-packages/bakery_lint/__init__.py", line 27, in run_set
    return run_suite(tests_suite)
  File "/home/travis/virtualenv/python2.7.8/lib/python2.7/site-packages/bakery_lint/base.py", line 246, in run_suite
    runner.run(suite)
  File "/home/travis/virtualenv/python2.7.8/lib/python2.7/site-packages/bakery_lint/base.py", line 171, in run
    test(result)
  File "/opt/python/2.7.8/lib/python2.7/unittest/suite.py", line 70, in __call__
    return self.run(*args, **kwds)
  File "/opt/python/2.7.8/lib/python2.7/unittest/suite.py", line 108, in run
    test(result)
  File "/opt/python/2.7.8/lib/python2.7/unittest/case.py", line 393, in __call__
    return self.run(*args, **kwds)
  File "/opt/python/2.7.8/lib/python2.7/unittest/case.py", line 333, in run
    result.addFailure(self, sys.exc_info())
  File "/home/travis/virtualenv/python2.7.8/lib/python2.7/site-packages/bakery_lint/base.py", line 136, in addFailure
    self.callmethod(test_method.autofix_method, test)
  File "/home/travis/virtualenv/python2.7.8/lib/python2.7/site-packages/bakery_lint/base.py", line 91, in callmethod
    getattr(mod, methodname.split('.')[-1])(test)
  File "/home/travis/virtualenv/python2.7.8/lib/python2.7/site-packages/bakery_cli/pipe/autofix.py", line 99, in fix_nbsp
    checkAndFix(targetpath)
  File "/home/travis/virtualenv/python2.7.8/lib/python2.7/site-packages/bakery_cli/scripts/nbsp.py", line 108, in checkAndFix
    spaceWidth = getWidth(font, space)
  File "/home/travis/virtualenv/python2.7.8/lib/python2.7/site-packages/bakery_cli/scripts/nbsp.py", line 82, in getWidth
    return font['hmtx'][glyphname][0]
  File "/home/travis/virtualenv/python2.7.8/lib/python2.7/site-packages/FontTools/fontTools/ttLib/tables/_h_m_t_x.py", line 98, in __getitem__
    return self.metrics[glyphName]
KeyError: None
strippedname:/home/travis/build/fontdirectory/elsieswashcaps/builds/build/ElsieSwashCaps-Black-backup-fonttools-prep-gasp-TTF.ttf
bakery_lint.tests.downstream.test_check_vertical_metrics.CheckVerticalAscentMetrics.test_metrics_ascents_equal_bbox(): OK
bakery_lint.tests.metadata_test.MetadataTest.test_does_not_familyName_exist_in_fontsmith_catalogue(): OK
bakery_lint.tests.metadata_test.MetadataTest.test_does_not_familyName_exist_in_houseind_catalogue(): OK
bakery_lint.tests.metadata_test.MetadataTest.test_does_not_familyName_exist_in_myfonts_catalogue(): FAIL
bakery_lint.tests.downstream.test_check_vertical_metrics.CheckVerticalDescentMetrics.test_metrics_descents_equal_bbox(): OK
bakery_lint.tests.downstream.test_check_upm_heights_less_120.TestCheckUPMHeightsLess120.test_check_upm_heigths_less_120(): OK
bakery_lint.tests.downstream.test_check_unused_glyph_data.CheckUnusedGlyphData.test_check_unused_glyph_data(): ERROR
bakery_lint.tests.downstream.test_check_unencoded_glyph.TestFontUnencodedGlyph.test_font_unencoded_glyphs(): FAIL
$ bakery-encode-glyphs-fix.py --autofix /home/travis/build/fontdirectory/elsieswashcaps/builds/build/ElsieSwashCaps-Regular-TTF.ttf
$ mv /home/travis/build/fontdirectory/elsieswashcaps/builds/build/ElsieSwashCaps-Regular-TTF.ttf.fix /home/travis/build/fontdirectory/elsieswashcaps/builds/build/ElsieSwashCaps-Regular-TTF.ttf
bakery_lint.tests.downstream.test_check_unencoded_glyph.TestFontUnencodedGlyph.test_font_unencoded_glyphs(): FAIL
bakery_lint.tests.downstream.test_check_panose_identification.CheckPanoseIdentification.test_check_panose_identification(): OK
bakery_lint.tests.downstream.test_check_os2_width_class.CheckOS2WidthClass.test_check_os2_width_class(): OK
bakery_lint.tests.downstream.test_check_no_problematic_formats.CheckNoProblematicFormats.test_check_no_problematic_formats(): OK
bakery_lint.tests.downstream.test_check_nbsp_width_matches_sp_width.CheckNbspWidthMatchesSpWidth.test_check_nbsp_width_matches_sp_width(): FAIL
$ bakery-nbsp-fix.py /home/travis/build/fontdirectory/elsieswashcaps/builds/build/ElsieSwashCaps-Regular-TTF.ttf
$ mv /home/travis/build/fontdirectory/elsieswashcaps/builds/build/ElsieSwashCaps-Regular-TTF.ttf.fix /home/travis/build/fontdirectory/elsieswashcaps/builds/build/ElsieSwashCaps-Regular-TTF.ttf
bakery_lint.tests.downstream.test_check_nbsp_width_matches_sp_width.CheckNbspWidthMatchesSpWidth.test_check_nbsp_width_matches_sp_width(): FAIL
bakery_lint.tests.downstream.test_check_names_same_across_platforms.CheckNamesSameAcrossPlatforms.test_check_names_same_across_platforms(): OK
bakery_lint.tests.downstream.test_check_name_table_recommendation.CheckStyleNameRecommendation.test_check_stylename_is_under_recommendations(): OK
bakery_lint.tests.downstream.test_check_name_table_recommendation.CheckOTFamilyNameRecommendation.test_check_opentype_familyname(): FAIL
$ bakery-opentype-fix.py /home/travis/build/fontdirectory/elsieswashcaps/builds/build/ElsieSwashCaps-Regular-TTF.ttf
$ mv /home/travis/build/fontdirectory/elsieswashcaps/builds/build/ElsieSwashCaps-Regular-TTF.ttf.fix /home/travis/build/fontdirectory/elsieswashcaps/builds/build/ElsieSwashCaps-Regular-TTF.ttf
bakery_lint.tests.downstream.test_check_name_table_recommendation.CheckOTFamilyNameRecommendation.test_check_opentype_familyname(): OK
bakery_lint.tests.downstream.test_check_name_table_recommendation.CheckOTStyleNameRecommendation.test_check_opentype_stylename(): OK
bakery_lint.tests.downstream.test_check_name_table_recommendation.CheckOTFullNameRecommendation.test_check_opentype_fullname(): OK
bakery_lint.tests.downstream.test_check_magic_prep_code.CheckMagicPREPByteCode.test_prep_magic_code(): OK
bakery_lint.tests.downstream.test_check_license_included.CheckLicenseIncluded.test_license_included_in_font_names(): OK
bakery_lint.tests.downstream.test_check_italic_angle_agreement.CheckItalicAngleAgreement.test_check_italic_angle_agreement(): OK
bakery_lint.tests.downstream.test_check_hmtx_hhea_max_advance_width_agreement.CheckHmtxHheaMaxAdvanceWidthAgreement.test_check_hmtx_hhea_max_advance_width_agreement(): OK
bakery_lint.tests.downstream.test_check_glyph_existence.CheckGlyphExistence.test_euro(): OK
bakery_lint.tests.downstream.test_check_glyph_existence.CheckGlyphExistence.test_nbsp(): OK
bakery_lint.tests.downstream.test_check_glyph_existence.CheckGlyphExistence.test_space(): OK
bakery_lint.tests.downstream.test_check_glyf_table_length.CheckGlyfTableLength.test_check_glyf_table_length(): FAIL
bakery_lint.tests.downstream.test_check_full_font_name_begins_with_family_name.CheckFullFontNameBeginsWithFamilyName.test_check_full_font_name_begins_with_family_name(): OK
bakery_lint.tests.downstream.test_check_fontname_matches_macstyle.CheckFontNameEqualToMacStyleFlags.test_fontname_is_equal_to_macstyle(): FAIL
bakery_lint.tests.downstream.test_check_font_tables.CheckFontHasDsigTable.test_check_font_has_dsig_table(): OK
bakery_lint.tests.downstream.test_check_font_tables.CheckFontHasNotKernTable.test_no_kern_table_exists(): OK
bakery_lint.tests.downstream.test_check_font_agreements.CheckFsTypeIsNotSet.test_is_fstype_not_set(): OK
$ bakery-fstype-fix.py --autofix /home/travis/build/fontdirectory/elsieswashcaps/builds/build/ElsieSwashCaps-Regular-TTF.ttf
$ mv /home/travis/build/fontdirectory/elsieswashcaps/builds/build/ElsieSwashCaps-Regular-TTF.ttf.fix /home/travis/build/fontdirectory/elsieswashcaps/builds/build/ElsieSwashCaps-Regular-TTF.ttf
bakery_lint.tests.downstream.test_check_font_agreements.CheckFontAgreements.test_em_is_1000(): OK
bakery_lint.tests.downstream.test_check_font_agreements.CheckFontAgreements.test_file_is_font(): OK
bakery_lint.tests.downstream.test_check_font_agreements.CheckFontAgreements.test_font_is_font(): OK
bakery_lint.tests.downstream.test_check_font_agreements.CheckFontAgreements.test_latin_file_exists(): FAIL
bakery_lint.tests.metadata_test.MetadataTest.test_does_not_familyName_exist_in_veer_catalogue(): OK
bakery_lint.tests.metadata_test.MetadataTest.test_family_is_listed_in_gwf(): FAIL
bakery_lint.tests.metadata_test.MetadataTest.test_metadata_atleast_latin_menu_subsets_exist(): OK
### Optimize TTF ElsieSwashCaps-Regular-TTF.ttf
$ ls -l 'ElsieSwashCaps-Regular-TTF.ttf'* # look at the size savings of that subset process
ElsieSwashCaps-Regular-TTF.ttf.opt: 35492 bytes
ElsieSwashCaps-Regular-TTF.ttf: 37792 bytes
$ mv /home/travis/build/fontdirectory/elsieswashcaps/builds/build/ElsieSwashCaps-Regular-TTF.ttf.opt /home/travis/build/fontdirectory/elsieswashcaps/builds/build/ElsieSwashCaps-Regular-TTF.ttf
### Autohint TTFs (ttfautohint) ElsieSwashCaps-Regular-TTF.ttf
$ ls -l /home/travis/build/fontdirectory/elsieswashcaps/builds/build/ElsieSwashCaps-Regular-TTF.*ttf # look at the size savings of that subset process
/home/travis/build/fontdirectory/elsieswashcaps/builds/build/ElsieSwashCaps-Regular-TTF.ttf: 35492 bytes
/home/travis/build/fontdirectory/elsieswashcaps/builds/build/ElsieSwashCaps-Regular-TTF.autohint.ttf: 66776 bytes
$ mv /home/travis/build/fontdirectory/elsieswashcaps/builds/build/ElsieSwashCaps-Regular-TTF.autohint.ttf /home/travis/build/fontdirectory/elsieswashcaps/builds/build/ElsieSwashCaps-Regular-TTF.ttf
### Subset TTFs (pyftsubset) ElsieSwashCaps-Regular-TTF.ttf
Generate ElsieSwashCaps-Regular-TTF.latin
Generate ElsieSwashCaps-Regular-TTF.menu
strippedname:/home/travis/build/fontdirectory/elsieswashcaps/builds/build/ElsieSwashCaps-Regular-TTF.ttf
spaceWidth is    220
nbspWidth is     220
Nothing to do
/home/travis/virtualenv/python2.7.8/lib/python2.7/site-packages/bakery_lint/tests/metadata_test.py:141: UnicodeWarning: Unicode equal comparison failed to convert both arguments to Unicode - interpreting them as being unequal
  self.assertTrue(designer in designers,
bakery_lint.tests.metadata_test.MetadataTest.test_metadata_designer_exists_in_profiles_csv(): OK
bakery_lint.tests.metadata_test.MetadataTest.test_metadata_fonts_items_dicts(): OK
bakery_lint.tests.metadata_test.MetadataTest.test_metadata_fonts_key_list(): OK
bakery_lint.tests.metadata_test.MetadataTest.test_metadata_fonts_no_dupes(): OK
bakery_lint.tests.metadata_test.MetadataTest.test_metadata_has_unique_style_weight_pairs(): OK
bakery_lint.tests.metadata_test.MetadataTest.test_metadata_keys(): OK
bakery_lint.tests.metadata_test.MetadataTest.test_metadata_license(): OK
bakery_lint.tests.metadata_test.MetadataTest.test_metadata_no_unknown_top_keys(): OK
bakery_lint.tests.metadata_test.MetadataTest.test_metadata_subsets_key_list(): OK
bakery_lint.tests.metadata_test.MetadataTest.test_metadata_top_keys_types(): FAIL
bakery_lint.tests.downstream.test_metadata_font_copyright.CheckMetadataContainsReservedFontName.test_copyright_contains_correct_rfn(): OK
bakery_lint.tests.downstream.test_metadata_font_copyright.CheckMetadataContainsReservedFontName.test_copyright_is_consistent_across_family(): OK
bakery_lint.tests.downstream.test_metadata_font_copyright.CheckMetadataContainsReservedFontName.test_copyright_matches_pattern(): OK
bakery_lint.tests.downstream.test_metadata_font_copyright.CheckMetadataContainsReservedFontName.test_metadata_copyright_size(): OK
bakery_lint.tests.downstream.test_metadata_agreements.CheckMetadataAgreements.test_font_name_matches_family(): FAIL
bakery_lint.tests.downstream.test_metadata_agreements.CheckMetadataAgreements.test_metadata_family(): FAIL
bakery_lint.tests.downstream.test_metadata_agreements.CheckMetadataAgreements.test_metadata_family_values_are_all_the_same(): OK
bakery_lint.tests.downstream.test_metadata_agreements.CheckMetadataAgreements.test_metadata_filename_matches_postScriptName(): FAIL
bakery_lint.tests.downstream.test_metadata_agreements.CheckMetadataAgreements.test_metadata_font_have_regular(): OK
bakery_lint.tests.downstream.test_metadata_agreements.CheckMetadataAgreements.test_metadata_fonts_fields_have_fontname(): FAIL
bakery_lint.tests.downstream.test_metadata_agreements.CheckMetadataAgreements.test_metadata_fullname_is_equal_to_internal_font_fullname(): OK
bakery_lint.tests.downstream.test_metadata_agreements.CheckMetadataAgreements.test_metadata_fullname_matches_postScriptName(): FAIL
bakery_lint.tests.downstream.test_metadata_agreements.CheckMetadataAgreements.test_metadata_postScriptName_matches_ttf_fontname(): OK
bakery_lint.tests.downstream.test_metadata_agreements.CheckMetadataAgreements.test_metadata_regular_is_400(): FAIL
bakery_lint.tests.downstream.test_metadata_agreements.CheckMetadataAgreements.test_metadata_regular_is_normal(): FAIL
bakery_lint.tests.downstream.test_check_text_files_exist.CheckTextFilesExist.test_copyrighttxt_exists(): FAIL
bakery_lint.tests.downstream.test_check_text_files_exist.CheckTextFilesExist.test_description_exists(): OK
bakery_lint.tests.downstream.test_check_text_files_exist.CheckTextFilesExist.test_fontlogtxt_exists(): FAIL
bakery_lint.tests.downstream.test_check_text_files_exist.CheckTextFilesExist.test_licensetxt_exists(): FAIL
bakery_lint.tests.downstream.test_check_subsets_exists.CheckSubsetsExist.test_check_subsets_exists(): FAIL
bakery_lint.tests.downstream.test_check_monospace_agreements.CheckMonospaceAgreement.test_check_monospace_agreement(): OK
bakery_lint.tests.downstream.test_check_metadata_style_matches_names.CheckItalicStyleMatchesMacStyle.test_check_italic_style_matches_names(): OK
bakery_lint.tests.downstream.test_check_metadata_style_matches_names.CheckNormalStyleMatchesMacStyle.test_check_normal_style_matches_names(): OK
bakery_lint.tests.downstream.test_check_metadata_matches_nametable.CheckMetadataMatchesNameTable.test_check_metadata_matches_nametable(): FAIL
bakery_lint.tests.downstream.test_check_metadata_fields.CheckMetadataFields.test_check_metadata_fields(): OK
bakery_lint.tests.downstream.test_check_menu_contains_proper_glyphs.CheckMenuSubsetContainsProperGlyphs.test_check_menu_contains_proper_glyphs(): OK
bakery_lint.tests.downstream.test_check_glyph_consistency.CheckGlyphConsistencyInFamily.test_the_same_encodings_of_glyphs_across_family(): OK
bakery_lint.tests.downstream.test_check_glyph_consistency.CheckGlyphConsistencyInFamily.test_the_same_names_of_glyphs_across_family(): FAIL
bakery_lint.tests.downstream.test_check_glyph_consistency.CheckGlyphConsistencyInFamily.test_the_same_number_of_glyphs_across_family(): FAIL
bakery_lint.tests.downstream.test_check_font_name_not_in_camelcase.CheckFontNameNotInCamelCase.test_fontname_not_in_camel_case(): OK
bakery_lint.tests.downstream.test_check_files_menu_agreements.CheckFontsMenuAgreements.test_menu_file_agreement(): OK
bakery_lint.tests.downstream.test_check_familyname_matches_fontnames.CheckFamilyNameMatchesFontNames.test_check_familyname_matches_fontnames(): OK
bakery_lint.tests.downstream.test_check_canonical_weights.CheckCanonicalWeights.test_check_canonical_weights(): OK
bakery_lint.tests.downstream.test_check_canonical_weights.CheckPostScriptNameMatchesWeight.test_postscriptname_contains_correct_weight(): FAIL
bakery_lint.tests.downstream.test_check_canonical_weights.CheckFontWeightSameAsInMetadata.test_font_weight_same_as_in_metadata(): OK
bakery_lint.tests.downstream.test_check_canonical_weights.CheckFullNameEqualCanonicalName.test_metadata_contains_current_font(): OK
bakery_lint.tests.downstream.test_check_canonical_styles.CheckCanonicalStyles.test_check_canonical_styles(): OK
bakery_lint.tests.downstream.test_check_canonical_filenames.CheckCanonicalFilenames.test_check_canonical_filenames(): OK
bakery_lint.tests.downstream.test_check_vertical_metrics.CheckVerticalDescentMetrics.test_metrics_descents_equal_bbox(): OK
bakery_lint.tests.downstream.test_check_upm_heights_less_120.TestCheckUPMHeightsLess120.test_check_upm_heigths_less_120(): OK
bakery_lint.tests.downstream.test_check_unused_glyph_data.CheckUnusedGlyphData.test_check_unused_glyph_data(): ERROR
bakery_lint.tests.downstream.test_check_unencoded_glyph.TestFontUnencodedGlyph.test_font_unencoded_glyphs(): FAIL
$ bakery-encode-glyphs-fix.py --autofix /home/travis/build/fontdirectory/elsieswashcaps/builds/build/ElsieSwashCaps-Regular-backup-fonttools-prep-gasp-TTF.ttf
$ mv /home/travis/build/fontdirectory/elsieswashcaps/builds/build/ElsieSwashCaps-Regular-backup-fonttools-prep-gasp-TTF.ttf.fix /home/travis/build/fontdirectory/elsieswashcaps/builds/build/ElsieSwashCaps-Regular-backup-fonttools-prep-gasp-TTF.ttf
bakery_lint.tests.downstream.test_check_unencoded_glyph.TestFontUnencodedGlyph.test_font_unencoded_glyphs(): FAIL
bakery_lint.tests.downstream.test_check_panose_identification.CheckPanoseIdentification.test_check_panose_identification(): OK
bakery_lint.tests.downstream.test_check_os2_width_class.CheckOS2WidthClass.test_check_os2_width_class(): OK
bakery_lint.tests.downstream.test_check_no_problematic_formats.CheckNoProblematicFormats.test_check_no_problematic_formats(): OK
bakery_lint.tests.downstream.test_check_nbsp_width_matches_sp_width.CheckNbspWidthMatchesSpWidth.test_check_nbsp_width_matches_sp_width(): FAIL
$ bakery-nbsp-fix.py /home/travis/build/fontdirectory/elsieswashcaps/builds/build/ElsieSwashCaps-Regular-backup-fonttools-prep-gasp-TTF.ttf
$ mv /home/travis/build/fontdirectory/elsieswashcaps/builds/build/ElsieSwashCaps-Regular-backup-fonttools-prep-gasp-TTF.ttf.fix /home/travis/build/fontdirectory/elsieswashcaps/builds/build/ElsieSwashCaps-Regular-backup-fonttools-prep-gasp-TTF.ttf
bakery_lint.tests.downstream.test_check_nbsp_width_matches_sp_width.CheckNbspWidthMatchesSpWidth.test_check_nbsp_width_matches_sp_width(): FAIL
bakery_lint.tests.downstream.test_check_names_same_across_platforms.CheckNamesSameAcrossPlatforms.test_check_names_same_across_platforms(): OK
bakery_lint.tests.downstream.test_check_name_table_recommendation.CheckStyleNameRecommendation.test_check_stylename_is_under_recommendations(): OK
bakery_lint.tests.downstream.test_check_name_table_recommendation.CheckOTFamilyNameRecommendation.test_check_opentype_familyname(): FAIL
$ bakery-opentype-fix.py /home/travis/build/fontdirectory/elsieswashcaps/builds/build/ElsieSwashCaps-Regular-backup-fonttools-prep-gasp-TTF.ttf
$ mv /home/travis/build/fontdirectory/elsieswashcaps/builds/build/ElsieSwashCaps-Regular-backup-fonttools-prep-gasp-TTF.ttf.fix /home/travis/build/fontdirectory/elsieswashcaps/builds/build/ElsieSwashCaps-Regular-backup-fonttools-prep-gasp-TTF.ttf
bakery_lint.tests.downstream.test_check_name_table_recommendation.CheckOTFamilyNameRecommendation.test_check_opentype_familyname(): OK
bakery_lint.tests.downstream.test_check_name_table_recommendation.CheckOTStyleNameRecommendation.test_check_opentype_stylename(): OK
bakery_lint.tests.downstream.test_check_name_table_recommendation.CheckOTFullNameRecommendation.test_check_opentype_fullname(): OK
bakery_lint.tests.downstream.test_check_magic_prep_code.CheckMagicPREPByteCode.test_prep_magic_code(): FAIL
bakery_lint.tests.downstream.test_check_license_included.CheckLicenseIncluded.test_license_included_in_font_names(): OK
bakery_lint.tests.downstream.test_check_italic_angle_agreement.CheckItalicAngleAgreement.test_check_italic_angle_agreement(): OK
bakery_lint.tests.downstream.test_check_hmtx_hhea_max_advance_width_agreement.CheckHmtxHheaMaxAdvanceWidthAgreement.test_check_hmtx_hhea_max_advance_width_agreement(): OK
bakery_lint.tests.downstream.test_check_glyph_existence.CheckGlyphExistence.test_euro(): OK
bakery_lint.tests.downstream.test_check_glyph_existence.CheckGlyphExistence.test_nbsp(): OK
bakery_lint.tests.downstream.test_check_glyph_existence.CheckGlyphExistence.test_space(): OK
bakery_lint.tests.downstream.test_check_glyf_table_length.CheckGlyfTableLength.test_check_glyf_table_length(): FAIL
bakery_lint.tests.downstream.test_check_full_font_name_begins_with_family_name.CheckFullFontNameBeginsWithFamilyName.test_check_full_font_name_begins_with_family_name(): OK
bakery_lint.tests.downstream.test_check_fontname_matches_macstyle.CheckFontNameEqualToMacStyleFlags.test_fontname_is_equal_to_macstyle(): FAIL
bakery_lint.tests.downstream.test_check_font_tables.CheckFontHasDsigTable.test_check_font_has_dsig_table(): OK
bakery_lint.tests.downstream.test_check_font_tables.CheckFontHasNotKernTable.test_no_kern_table_exists(): OK
bakery_lint.tests.downstream.test_check_font_agreements.CheckFsTypeIsNotSet.test_is_fstype_not_set(): OK
$ bakery-fstype-fix.py --autofix /home/travis/build/fontdirectory/elsieswashcaps/builds/build/ElsieSwashCaps-Regular-backup-fonttools-prep-gasp-TTF.ttf
$ mv /home/travis/build/fontdirectory/elsieswashcaps/builds/build/ElsieSwashCaps-Regular-backup-fonttools-prep-gasp-TTF.ttf.fix /home/travis/build/fontdirectory/elsieswashcaps/builds/build/ElsieSwashCaps-Regular-backup-fonttools-prep-gasp-TTF.ttf
bakery_lint.tests.downstream.test_check_font_agreements.CheckFontAgreements.test_em_is_1000(): OK
bakery_lint.tests.downstream.test_check_font_agreements.CheckFontAgreements.test_file_is_font(): OK
bakery_lint.tests.downstream.test_check_font_agreements.CheckFontAgreements.test_font_is_font(): OK
bakery_lint.tests.downstream.test_check_font_agreements.CheckFontAgreements.test_latin_file_exists(): FAIL
### Optimize TTF ElsieSwashCaps-Regular-backup-fonttools-prep-gasp-TTF.ttf
$ ls -l 'ElsieSwashCaps-Regular-backup-fonttools-prep-gasp-TTF.ttf'* # look at the size savings of that subset process
ElsieSwashCaps-Regular-backup-fonttools-prep-gasp-TTF.ttf.opt: 35468 bytes
ElsieSwashCaps-Regular-backup-fonttools-prep-gasp-TTF.ttf: 37768 bytes
$ mv /home/travis/build/fontdirectory/elsieswashcaps/builds/build/ElsieSwashCaps-Regular-backup-fonttools-prep-gasp-TTF.ttf.opt /home/travis/build/fontdirectory/elsieswashcaps/builds/build/ElsieSwashCaps-Regular-backup-fonttools-prep-gasp-TTF.ttf
### Autohint TTFs (ttfautohint) ElsieSwashCaps-Regular-backup-fonttools-prep-gasp-TTF.ttf
$ ls -l /home/travis/build/fontdirectory/elsieswashcaps/builds/build/ElsieSwashCaps-Regular-backup-fonttools-prep-gasp-TTF.*ttf # look at the size savings of that subset process
/home/travis/build/fontdirectory/elsieswashcaps/builds/build/ElsieSwashCaps-Regular-backup-fonttools-prep-gasp-TTF.ttf: 35468 bytes
/home/travis/build/fontdirectory/elsieswashcaps/builds/build/ElsieSwashCaps-Regular-backup-fonttools-prep-gasp-TTF.autohint.ttf: 66776 bytes
$ mv /home/travis/build/fontdirectory/elsieswashcaps/builds/build/ElsieSwashCaps-Regular-backup-fonttools-prep-gasp-TTF.autohint.ttf /home/travis/build/fontdirectory/elsieswashcaps/builds/build/ElsieSwashCaps-Regular-backup-fonttools-prep-gasp-TTF.ttf
### Subset TTFs (pyftsubset) ElsieSwashCaps-Regular-backup-fonttools-prep-gasp-TTF.ttf
Generate ElsieSwashCaps-Regular-backup-fonttools-prep-gasp-TTF.latin
Generate ElsieSwashCaps-Regular-backup-fonttools-prep-gasp-TTF.menu
strippedname:/home/travis/build/fontdirectory/elsieswashcaps/builds/build/ElsieSwashCaps-Regular-backup-fonttools-prep-gasp-TTF.ttf
spaceWidth is    220
nbspWidth is     220
Nothing to do
{
  "name": "Elsie Swash Caps", 
  "designer": "Alejandro Inler", 
  "license": "OFL", 
  "visibility": "Sandbox", 
  "category": "Display", 
  "size": 18328, 
  "fonts": [
    {
      "name": "Elsie Swash Caps Black", 
      "postScriptName": "ElsieSwashCaps-Regular", 
      "fullName": "Elsie Swash Caps", 
      "style": "normal", 
      "weight": 400, 
      "filename": "ElsieSwashCaps-Regular-backup-fonttools-prep-gasp-TTF.ttf", 
      "copyright": "Copyright (c) 2010-2012, Alejandro Inler (alejandroinler@gmail.com), with Reserved Font Name 'Elsie'"
    }, 
    {
      "name": "Elsie Swash Caps Black", 
      "postScriptName": "ElsieSwashCaps-Regular", 
      "fullName": "Elsie Swash Caps", 
      "style": "normal", 
      "weight": 400, 
      "filename": "ElsieSwashCaps-Regular-TTF.ttf", 
      "copyright": "Copyright (c) 2010-2012, Alejandro Inler (alejandroinler@gmail.com), with Reserved Font Name 'Elsie'"
    }, 
    {
      "name": "Elsie Swash Caps Black", 
      "postScriptName": "ElsieSwashCapsBlack-Regular", 
      "fullName": "Elsie Swash Caps Blacks", 
      "style": "normal", 
      "weight": 900, 
      "filename": "ElsieSwashCaps-Black.ttf", 
      "copyright": "Copyright (c) 2010-2012, Alejandro Inler (alejandroinler@gmail.com), with Reserved Font Name 'Elsie'"
    }, 
    {
      "name": "Elsie Swash Caps Black", 
      "postScriptName": "ElsieSwashCapsBlack-Regular", 
      "fullName": "Elsie Swash Caps Black", 
      "style": "normal", 
      "weight": 900, 
      "filename": "ElsieSwashCaps-Black-backup-fonttools-prep-gasp-TTF.ttf", 
      "copyright": "Copyright (c) 2010-2012, Alejandro Inler (alejandroinler@gmail.com), with Reserved Font Name 'Elsie'"
    }, 
    {
      "name": "Elsie Swash Caps Black", 
      "postScriptName": "ElsieSwashCaps-Regular", 
      "fullName": "Elsie Swash Caps", 
      "style": "normal", 
      "weight": 400, 
      "filename": "ElsieSwashCaps-Regular.ttf", 
      "copyright": "Copyright (c) 2010-2012, Alejandro Inler (alejandroinler@gmail.com), with Reserved Font Name 'Elsie'"
    }, 
    {
      "name": "Elsie Swash Caps Black", 
      "postScriptName": "ElsieSwashCapsBlack-Regular", 
      "fullName": "Elsie Swash Caps Blacks", 
      "style": "normal", 
      "weight": 900, 
      "filename": "ElsieSwashCapsBlack-Regular.ttf", 
      "copyright": "Copyright (c) 2010-2012, Alejandro Inler (alejandroinler@gmail.com), with Reserved Font Name 'Elsie'"
    }, 
    {
      "name": "Elsie Swash Caps Black", 
      "postScriptName": "ElsieSwashCapsBlack-Regular", 
      "fullName": "Elsie Swash Caps Blacks", 
      "style": "normal", 
      "weight": 900, 
      "filename": "ElsieSwashCaps-Black-TTF.ttf", 
      "copyright": "Copyright (c) 2010-2012, Alejandro Inler (alejandroinler@gmail.com), with Reserved Font Name 'Elsie'"
    }
  ], 
  "subsets": [
    "latin", 
    "menu"
  ], 
  "dateAdded": "2012-11-12"
}
